
There are no discarded input sections

Memory Configuration

Name             Origin             Length             Attributes
SRAM             0x00000000         0x00000100         xr
*default*        0x00000000         0xffffffff

Linker script and memory map

                0x00000000                        . = ORIGIN (SRAM)

.text           0x00000000       0xa4
                0x00000000                        _start = .
 *(.entry)
 *(.text)
 .text          0x00000000       0xa4 pico-sdk/src/rp2350/boot_stage2/CMakeFiles/bs2_default.dir/compile_time_choice.S.o
                0x00000000                _stage2_boot
                0x00000084                read_flash_sreg
                0x00000094                literals
LOAD pico-sdk/src/rp2350/boot_stage2/CMakeFiles/bs2_default.dir/compile_time_choice.S.o
START GROUP
LOAD /usr/lib/gcc/arm-none-eabi/14.2.1/thumb/v8-m.main+fp/softfp/libgcc.a
LOAD /usr/lib/gcc/arm-none-eabi/14.2.1/../../../arm-none-eabi/lib/thumb/v8-m.main+fp/softfp/libg.a
LOAD /usr/lib/gcc/arm-none-eabi/14.2.1/../../../arm-none-eabi/lib/thumb/v8-m.main+fp/softfp/libc.a
END GROUP
OUTPUT(pico-sdk/src/rp2350/boot_stage2/bs2_default.elf elf32-littlearm)
LOAD linker stubs

.data           0x000000a4        0x0
 .data          0x000000a4        0x0 pico-sdk/src/rp2350/boot_stage2/CMakeFiles/bs2_default.dir/compile_time_choice.S.o

.igot.plt       0x000000a4        0x0
 .igot.plt      0x000000a4        0x0 pico-sdk/src/rp2350/boot_stage2/CMakeFiles/bs2_default.dir/compile_time_choice.S.o

.glue_7         0x000000a4        0x0
 .glue_7        0x000000a4        0x0 linker stubs

.glue_7t        0x000000a4        0x0
 .glue_7t       0x000000a4        0x0 linker stubs

.vfp11_veneer   0x000000a4        0x0
 .vfp11_veneer  0x000000a4        0x0 linker stubs

.v4_bx          0x000000a4        0x0
 .v4_bx         0x000000a4        0x0 linker stubs

.iplt           0x000000a4        0x0
 .iplt          0x000000a4        0x0 pico-sdk/src/rp2350/boot_stage2/CMakeFiles/bs2_default.dir/compile_time_choice.S.o

.rel.dyn        0x000000a4        0x0
 .rel.iplt      0x000000a4        0x0 pico-sdk/src/rp2350/boot_stage2/CMakeFiles/bs2_default.dir/compile_time_choice.S.o

.bss            0x000000a4        0x0
 .bss           0x000000a4        0x0 pico-sdk/src/rp2350/boot_stage2/CMakeFiles/bs2_default.dir/compile_time_choice.S.o

.ARM.attributes
                0x00000000       0x28
 .ARM.attributes
                0x00000000       0x28 pico-sdk/src/rp2350/boot_stage2/CMakeFiles/bs2_default.dir/compile_time_choice.S.o

.debug_line     0x00000000       0xb4
 .debug_line    0x00000000       0xb4 pico-sdk/src/rp2350/boot_stage2/CMakeFiles/bs2_default.dir/compile_time_choice.S.o

.debug_line_str
                0x00000000      0x10c
 .debug_line_str
                0x00000000      0x10c pico-sdk/src/rp2350/boot_stage2/CMakeFiles/bs2_default.dir/compile_time_choice.S.o

.debug_info     0x00000000       0x25
 .debug_info    0x00000000       0x25 pico-sdk/src/rp2350/boot_stage2/CMakeFiles/bs2_default.dir/compile_time_choice.S.o

.debug_abbrev   0x00000000       0x14
 .debug_abbrev  0x00000000       0x14 pico-sdk/src/rp2350/boot_stage2/CMakeFiles/bs2_default.dir/compile_time_choice.S.o

.debug_aranges  0x00000000       0x20
 .debug_aranges
                0x00000000       0x20 pico-sdk/src/rp2350/boot_stage2/CMakeFiles/bs2_default.dir/compile_time_choice.S.o

.debug_str      0x00000000       0x8a
 .debug_str     0x00000000       0x8a pico-sdk/src/rp2350/boot_stage2/CMakeFiles/bs2_default.dir/compile_time_choice.S.o
