Archive member included to satisfy reference by file (symbol)

/usr/lib/gcc/arm-none-eabi/14.2.1/thumb/v8-m.main+fp/softfp/libgcc.a(_arm_addsubdf3.o)
                              CMakeFiles/rpcortex_v2.dir/home/dash/RPC-Workspace/RPCortex-v2/sdk/src/rp2_common/pico_float/float_math.c.o (__aeabi_f2d)
/usr/lib/gcc/arm-none-eabi/14.2.1/thumb/v8-m.main+fp/softfp/libgcc.a(_aeabi_ldivmod.o)
                              CMakeFiles/rpcortex_v2.dir/home/dash/RPC-Workspace/RPCortex-v2/sdk/src/common/pico_time/time.c.o (__aeabi_ldivmod)
/usr/lib/gcc/arm-none-eabi/14.2.1/thumb/v8-m.main+fp/softfp/libgcc.a(_aeabi_uldivmod.o)
                              CMakeFiles/rpcortex_v2.dir/api.cpp.o (__aeabi_uldivmod)
/usr/lib/gcc/arm-none-eabi/14.2.1/thumb/v8-m.main+fp/softfp/libgcc.a(_popcountsi2.o)
                              CMakeFiles/rpcortex_v2.dir/home/dash/RPC-Workspace/RPCortex-v2/littlefs/lfs.c.o (__popcountsi2)
/usr/lib/gcc/arm-none-eabi/14.2.1/thumb/v8-m.main+fp/softfp/libgcc.a(_udivmoddi4.o)
                              /usr/lib/gcc/arm-none-eabi/14.2.1/thumb/v8-m.main+fp/softfp/libgcc.a(_aeabi_ldivmod.o) (__udivmoddi4)
/usr/lib/gcc/arm-none-eabi/14.2.1/thumb/v8-m.main+fp/softfp/libgcc.a(_dvmd_tls.o)
                              /usr/lib/gcc/arm-none-eabi/14.2.1/thumb/v8-m.main+fp/softfp/libgcc.a(_aeabi_ldivmod.o) (__aeabi_ldiv0)
/usr/lib/gcc/arm-none-eabi/14.2.1/../../../arm-none-eabi/lib/thumb/v8-m.main+fp/softfp/libg.a(libc_a-strlen-stub.o)
                              CMakeFiles/rpcortex_v2.dir/home/dash/RPC-Workspace/RPCortex-v2/loader-spike/firmware/loader.cpp.o (strlen)
/usr/lib/gcc/arm-none-eabi/14.2.1/../../../arm-none-eabi/lib/thumb/v8-m.main+fp/softfp/libg.a(libc_a-memset.o)
                              CMakeFiles/rpcortex_v2.dir/home/dash/RPC-Workspace/RPCortex-v2/loader-spike/firmware/loader.cpp.o (memset)
/usr/lib/gcc/arm-none-eabi/14.2.1/../../../arm-none-eabi/lib/thumb/v8-m.main+fp/softfp/libg.a(libc_a-strchr.o)
                              CMakeFiles/rpcortex_v2.dir/home/dash/RPC-Workspace/RPCortex-v2/littlefs/lfs.c.o (strchr)
/usr/lib/gcc/arm-none-eabi/14.2.1/../../../arm-none-eabi/lib/thumb/v8-m.main+fp/softfp/libg.a(libc_a-strtoul.o)
                              CMakeFiles/rpcortex_v2.dir/shell/shell.cpp.o (strtoul)
/usr/lib/gcc/arm-none-eabi/14.2.1/../../../arm-none-eabi/lib/thumb/v8-m.main+fp/softfp/libg.a(libc_a-calloc.o)
                              CMakeFiles/rpcortex_v2.dir/home/dash/RPC-Workspace/RPCortex-v2/sdk/src/rp2_common/pico_malloc/malloc.c.o (calloc)
/usr/lib/gcc/arm-none-eabi/14.2.1/../../../arm-none-eabi/lib/thumb/v8-m.main+fp/softfp/libg.a(libc_a-callocr.o)
                              /usr/lib/gcc/arm-none-eabi/14.2.1/../../../arm-none-eabi/lib/thumb/v8-m.main+fp/softfp/libg.a(libc_a-calloc.o) (_calloc_r)
/usr/lib/gcc/arm-none-eabi/14.2.1/../../../arm-none-eabi/lib/thumb/v8-m.main+fp/softfp/libg.a(libc_a-realloc.o)
                              CMakeFiles/rpcortex_v2.dir/home/dash/RPC-Workspace/RPCortex-v2/sdk/src/rp2_common/pico_malloc/malloc.c.o (realloc)
/usr/lib/gcc/arm-none-eabi/14.2.1/../../../arm-none-eabi/lib/thumb/v8-m.main+fp/softfp/libg.a(libc_a-mstats.o)
                              CMakeFiles/rpcortex_v2.dir/kernel/kernel.cpp.o (mallinfo)
/usr/lib/gcc/arm-none-eabi/14.2.1/../../../arm-none-eabi/lib/thumb/v8-m.main+fp/softfp/libg.a(libc_a-mallocr.o)
                              /usr/lib/gcc/arm-none-eabi/14.2.1/../../../arm-none-eabi/lib/thumb/v8-m.main+fp/softfp/libg.a(libc_a-callocr.o) (_malloc_r)
/usr/lib/gcc/arm-none-eabi/14.2.1/../../../arm-none-eabi/lib/thumb/v8-m.main+fp/softfp/libg.a(libc_a-freer.o)
                              /usr/lib/gcc/arm-none-eabi/14.2.1/../../../arm-none-eabi/lib/thumb/v8-m.main+fp/softfp/libg.a(libc_a-mallocr.o) (_free_r)
/usr/lib/gcc/arm-none-eabi/14.2.1/../../../arm-none-eabi/lib/thumb/v8-m.main+fp/softfp/libg.a(libc_a-memcmp.o)
                              CMakeFiles/rpcortex_v2.dir/home/dash/RPC-Workspace/RPCortex-v2/littlefs/lfs.c.o (memcmp)
/usr/lib/gcc/arm-none-eabi/14.2.1/../../../arm-none-eabi/lib/thumb/v8-m.main+fp/softfp/libg.a(libc_a-strtol.o)
                              CMakeFiles/rpcortex_v2.dir/shell/shell.cpp.o (strtol)
/usr/lib/gcc/arm-none-eabi/14.2.1/../../../arm-none-eabi/lib/thumb/v8-m.main+fp/softfp/libg.a(libc_a-errno.o)
                              /usr/lib/gcc/arm-none-eabi/14.2.1/../../../arm-none-eabi/lib/thumb/v8-m.main+fp/softfp/libg.a(libc_a-callocr.o) (__errno)
/usr/lib/gcc/arm-none-eabi/14.2.1/../../../arm-none-eabi/lib/thumb/v8-m.main+fp/softfp/libg.a(libc_a-malloc.o)
                              CMakeFiles/rpcortex_v2.dir/home/dash/RPC-Workspace/RPCortex-v2/sdk/src/rp2_common/pico_malloc/malloc.c.o (malloc)
/usr/lib/gcc/arm-none-eabi/14.2.1/../../../arm-none-eabi/lib/thumb/v8-m.main+fp/softfp/libg.a(libc_a-reallocr.o)
                              /usr/lib/gcc/arm-none-eabi/14.2.1/../../../arm-none-eabi/lib/thumb/v8-m.main+fp/softfp/libg.a(libc_a-realloc.o) (_realloc_r)
[...]
Memory Configuration

Name             Origin             Length             Attributes
FLASH            0x10000000         0x00400000         xr
PSRAM            0x11000000         0x00000000         xrw
XIP_RAM          0x13ffc000         0x00004000         xrw
RAM              0x20000000         0x00080000         xrw
SCRATCH_X        0x20080000         0x00001000         xrw
SCRATCH_Y        0x20081000         0x00001000         xrw
*default*        0x00000000         0xffffffff

Linker script and memory map

                0x20000000                        RAM_ORIGIN_DEFAULT = 0x20000000
                0x00080000                        RAM_LENGTH_DEFAULT = 0x80000
                0x20080000                        SCRATCH_X_ORIGIN_DEFAULT = 0x20080000
                0x00001000                        SCRATCH_X_LENGTH_DEFAULT = 0x1000
                0x20081000                        SCRATCH_Y_ORIGIN_DEFAULT = 0x20081000
                0x00001000                        SCRATCH_Y_LENGTH_DEFAULT = 0x1000
                0x13ffc000                        XIP_RAM_ORIGIN_DEFAULT = 0x13ffc000
                0x00004000                        XIP_RAM_LENGTH_DEFAULT = 0x4000
LOAD CMakeFiles/rpcortex_v2.dir/main.cpp.o
LOAD CMakeFiles/rpcortex_v2.dir/api.cpp.o
LOAD CMakeFiles/rpcortex_v2.dir/kernel/kernel.cpp.o
LOAD CMakeFiles/rpcortex_v2.dir/shell/command.cpp.o
LOAD CMakeFiles/rpcortex_v2.dir/shell/shell.cpp.o
LOAD CMakeFiles/rpcortex_v2.dir/home/dash/RPC-Workspace/RPCortex-v2/loader-spike/firmware/loader.cpp.o
LOAD CMakeFiles/rpcortex_v2.dir/home/dash/RPC-Workspace/RPCortex-v2/loader-spike/firmware/storage.cpp.o
LOAD CMakeFiles/rpcortex_v2.dir/home/dash/RPC-Workspace/RPCortex-v2/loader-spike/firmware/fault.cpp.o
LOAD CMakeFiles/rpcortex_v2.dir/home/dash/RPC-Workspace/RPCortex-v2/littlefs/lfs.c.o
LOAD CMakeFiles/rpcortex_v2.dir/home/dash/RPC-Workspace/RPCortex-v2/littlefs/lfs_util.c.o
LOAD CMakeFiles/rpcortex_v2.dir/home/dash/RPC-Workspace/RPCortex-v2/sdk/src/rp2_common/pico_stdlib/stdlib.c.o
LOAD CMakeFiles/rpcortex_v2.dir/home/dash/RPC-Workspace/RPCortex-v2/sdk/src/rp2_common/hardware_gpio/gpio.c.o
LOAD CMakeFiles/rpcortex_v2.dir/home/dash/RPC-Workspace/RPCortex-v2/sdk/src/rp2350/pico_platform/platform.c.o
LOAD CMakeFiles/rpcortex_v2.dir/home/dash/RPC-Workspace/RPCortex-v2/sdk/src/rp2_common/pico_platform_common/common.c.o
LOAD CMakeFiles/rpcortex_v2.dir/home/dash/RPC-Workspace/RPCortex-v2/sdk/src/rp2_common/pico_platform_panic/panic.c.o
LOAD CMakeFiles/rpcortex_v2.dir/home/dash/RPC-Workspace/RPCortex-v2/sdk/src/rp2_common/pico_platform_panic/custom_panic_function.S.o
LOAD CMakeFiles/rpcortex_v2.dir/home/dash/RPC-Workspace/RPCortex-v2/sdk/src/common/hardware_claim/claim.c.o
LOAD CMakeFiles/rpcortex_v2.dir/home/dash/RPC-Workspace/RPCortex-v2/sdk/src/rp2_common/hardware_sync/sync.c.o
LOAD CMakeFiles/rpcortex_v2.dir/home/dash/RPC-Workspace/RPCortex-v2/sdk/src/rp2_common/hardware_sync_spin_lock/sync_spin_lock.c.o
LOAD CMakeFiles/rpcortex_v2.dir/home/dash/RPC-Workspace/RPCortex-v2/sdk/src/rp2_common/hardware_irq/irq.c.o
LOAD CMakeFiles/rpcortex_v2.dir/home/dash/RPC-Workspace/RPCortex-v2/sdk/src/rp2_common/hardware_irq/irq_handler_chain.S.o
LOAD CMakeFiles/rpcortex_v2.dir/home/dash/RPC-Workspace/RPCortex-v2/sdk/src/common/pico_sync/sem.c.o
LOAD CMakeFiles/rpcortex_v2.dir/home/dash/RPC-Workspace/RPCortex-v2/sdk/src/common/pico_sync/lock_core.c.o
LOAD CMakeFiles/rpcortex_v2.dir/home/dash/RPC-Workspace/RPCortex-v2/sdk/src/common/pico_sync/mutex.c.o
LOAD CMakeFiles/rpcortex_v2.dir/home/dash/RPC-Workspace/RPCortex-v2/sdk/src/common/pico_sync/critical_section.c.o
LOAD CMakeFiles/rpcortex_v2.dir/home/dash/RPC-Workspace/RPCortex-v2/sdk/src/common/pico_time/time.c.o
LOAD CMakeFiles/rpcortex_v2.dir/home/dash/RPC-Workspace/RPCortex-v2/sdk/src/common/pico_time/timeout_helper.c.o
LOAD CMakeFiles/rpcortex_v2.dir/home/dash/RPC-Workspace/RPCortex-v2/sdk/src/rp2_common/hardware_timer/timer.c.o
LOAD CMakeFiles/rpcortex_v2.dir/home/dash/RPC-Workspace/RPCortex-v2/sdk/src/common/pico_util/datetime.c.o
LOAD CMakeFiles/rpcortex_v2.dir/home/dash/RPC-Workspace/RPCortex-v2/sdk/src/common/pico_util/fixed_bitset.c.o
LOAD CMakeFiles/rpcortex_v2.dir/home/dash/RPC-Workspace/RPCortex-v2/sdk/src/common/pico_util/pheap.c.o
LOAD CMakeFiles/rpcortex_v2.dir/home/dash/RPC-Workspace/RPCortex-v2/sdk/src/common/pico_util/queue.c.o
LOAD CMakeFiles/rpcortex_v2.dir/home/dash/RPC-Workspace/RPCortex-v2/sdk/src/rp2_common/hardware_uart/uart.c.o
LOAD CMakeFiles/rpcortex_v2.dir/home/dash/RPC-Workspace/RPCortex-v2/sdk/src/rp2_common/hardware_clocks/clocks.c.o
LOAD CMakeFiles/rpcortex_v2.dir/home/dash/RPC-Workspace/RPCortex-v2/sdk/src/rp2_common/hardware_pll/pll.c.o
LOAD CMakeFiles/rpcortex_v2.dir/home/dash/RPC-Workspace/RPCortex-v2/sdk/src/rp2_common/hardware_vreg/vreg.c.o
LOAD CMakeFiles/rpcortex_v2.dir/home/dash/RPC-Workspace/RPCortex-v2/sdk/src/rp2_common/hardware_watchdog/watchdog.c.o
LOAD CMakeFiles/rpcortex_v2.dir/home/dash/RPC-Workspace/RPCortex-v2/sdk/src/rp2_common/hardware_ticks/ticks.c.o
LOAD CMakeFiles/rpcortex_v2.dir/home/dash/RPC-Workspace/RPCortex-v2/sdk/src/rp2_common/pico_bootrom/bootrom.c.o
LOAD CMakeFiles/rpcortex_v2.dir/home/dash/RPC-Workspace/RPCortex-v2/sdk/src/rp2_common/pico_bootrom/bootrom_lock.c.o
LOAD CMakeFiles/rpcortex_v2.dir/home/dash/RPC-Workspace/RPCortex-v2/sdk/src/rp2_common/hardware_boot_lock/boot_lock.c.o
LOAD CMakeFiles/rpcortex_v2.dir/home/dash/RPC-Workspace/RPCortex-v2/sdk/src/rp2_common/pico_flash/flash.c.o
LOAD CMakeFiles/rpcortex_v2.dir/home/dash/RPC-Workspace/RPCortex-v2/sdk/src/rp2_common/hardware_xosc/xosc.c.o
LOAD CMakeFiles/rpcortex_v2.dir/home/dash/RPC-Workspace/RPCortex-v2/sdk/src/rp2_common/hardware_divider/divider.c.o
LOAD CMakeFiles/rpcortex_v2.dir/home/dash/RPC-Workspace/RPCortex-v2/sdk/src/rp2_common/pico_runtime/runtime.c.o
LOAD CMakeFiles/rpcortex_v2.dir/home/dash/RPC-Workspace/RPCortex-v2/sdk/src/rp2_common/pico_runtime_init/runtime_init.c.o
LOAD CMakeFiles/rpcortex_v2.dir/home/dash/RPC-Workspace/RPCortex-v2/sdk/src/rp2_common/pico_runtime_init/runtime_init_clocks.c.o
LOAD CMakeFiles/rpcortex_v2.dir/home/dash/RPC-Workspace/RPCortex-v2/sdk/src/rp2_common/pico_runtime_init/runtime_init_stack_guard.c.o
LOAD CMakeFiles/rpcortex_v2.dir/home/dash/RPC-Workspace/RPCortex-v2/sdk/src/rp2_common/pico_bit_ops/bit_ops_aeabi.S.o
LOAD CMakeFiles/rpcortex_v2.dir/home/dash/RPC-Workspace/RPCortex-v2/sdk/src/rp2_common/pico_divider/divider_compiler.c.o
LOAD CMakeFiles/rpcortex_v2.dir/home/dash/RPC-Workspace/RPCortex-v2/sdk/src/rp2_common/pico_double/double_math.c.o
LOAD CMakeFiles/rpcortex_v2.dir/home/dash/RPC-Workspace/RPCortex-v2/sdk/src/rp2_common/pico_double/double_aeabi_dcp.S.o
LOAD CMakeFiles/rpcortex_v2.dir/home/dash/RPC-Workspace/RPCortex-v2/sdk/src/rp2_common/pico_double/double_fma_dcp.S.o
LOAD CMakeFiles/rpcortex_v2.dir/home/dash/RPC-Workspace/RPCortex-v2/sdk/src/rp2_common/pico_double/double_sci_m33.S.o
LOAD CMakeFiles/rpcortex_v2.dir/home/dash/RPC-Workspace/RPCortex-v2/sdk/src/rp2_common/pico_double/double_conv_m33.S.o
LOAD CMakeFiles/rpcortex_v2.dir/home/dash/RPC-Workspace/RPCortex-v2/sdk/src/rp2_common/pico_float/float_math.c.o
LOAD CMakeFiles/rpcortex_v2.dir/home/dash/RPC-Workspace/RPCortex-v2/sdk/src/rp2_common/pico_float/float_conv32_vfp.S.o
LOAD CMakeFiles/rpcortex_v2.dir/home/dash/RPC-Workspace/RPCortex-v2/sdk/src/rp2_common/pico_float/float_common_m33.S.o
LOAD CMakeFiles/rpcortex_v2.dir/home/dash/RPC-Workspace/RPCortex-v2/sdk/src/rp2_common/pico_float/float_sci_m33_vfp.S.o
LOAD CMakeFiles/rpcortex_v2.dir/home/dash/RPC-Workspace/RPCortex-v2/sdk/src/rp2_common/pico_malloc/malloc.c.o
LOAD CMakeFiles/rpcortex_v2.dir/home/dash/RPC-Workspace/RPCortex-v2/sdk/src/rp2_common/pico_atomic/atomic.c.o
LOAD CMakeFiles/rpcortex_v2.dir/home/dash/RPC-Workspace/RPCortex-v2/sdk/src/rp2_common/pico_cxx_options/new_delete.cpp.o
LOAD CMakeFiles/rpcortex_v2.dir/home/dash/RPC-Workspace/RPCortex-v2/sdk/src/rp2_common/pico_standard_binary_info/standard_binary_info.c.o
LOAD CMakeFiles/rpcortex_v2.dir/home/dash/RPC-Workspace/RPCortex-v2/sdk/src/rp2_common/pico_printf/printf.c.o
LOAD CMakeFiles/rpcortex_v2.dir/home/dash/RPC-Workspace/RPCortex-v2/sdk/src/rp2_common/pico_crt0/crt0.S.o
LOAD CMakeFiles/rpcortex_v2.dir/home/dash/RPC-Workspace/RPCortex-v2/sdk/src/rp2_common/pico_clib_interface/newlib_interface.c.o
LOAD CMakeFiles/rpcortex_v2.dir/home/dash/RPC-Workspace/RPCortex-v2/sdk/src/rp2_common/pico_clib_interface/cxa_guard.c.o
LOAD CMakeFiles/rpcortex_v2.dir/home/dash/RPC-Workspace/RPCortex-v2/sdk/src/rp2_common/pico_stdio/stdio.c.o
LOAD CMakeFiles/rpcortex_v2.dir/home/dash/RPC-Workspace/RPCortex-v2/sdk/src/rp2_common/pico_stdio_usb/stdio_usb.c.o
LOAD CMakeFiles/rpcortex_v2.dir/home/dash/RPC-Workspace/RPCortex-v2/sdk/src/rp2_common/pico_stdio_usb/stdio_usb_descriptors.c.o
LOAD CMakeFiles/rpcortex_v2.dir/home/dash/RPC-Workspace/RPCortex-v2/sdk/src/rp2_common/pico_unique_id/unique_id.c.o
LOAD CMakeFiles/rpcortex_v2.dir/home/dash/RPC-Workspace/RPCortex-v2/sdk/src/rp2_common/hardware_flash/flash.c.o
LOAD CMakeFiles/rpcortex_v2.dir/home/dash/RPC-Workspace/RPCortex-v2/sdk/src/rp2_common/hardware_xip_cache/xip_cache.c.o
LOAD CMakeFiles/rpcortex_v2.dir/home/dash/RPC-Workspace/RPCortex-v2/sdk/src/rp2_common/pico_usb_reset/usb_reset.c.o
LOAD CMakeFiles/rpcortex_v2.dir/home/dash/RPC-Workspace/RPCortex-v2/sdk/lib/tinyusb/src/portable/raspberrypi/rp2040/dcd_rp2040.c.o
LOAD CMakeFiles/rpcortex_v2.dir/home/dash/RPC-Workspace/RPCortex-v2/sdk/lib/tinyusb/src/portable/raspberrypi/rp2040/rp2040_usb.c.o
LOAD CMakeFiles/rpcortex_v2.dir/home/dash/RPC-Workspace/RPCortex-v2/sdk/lib/tinyusb/src/device/usbd.c.o
LOAD CMakeFiles/rpcortex_v2.dir/home/dash/RPC-Workspace/RPCortex-v2/sdk/lib/tinyusb/src/device/usbd_control.c.o
LOAD CMakeFiles/rpcortex_v2.dir/home/dash/RPC-Workspace/RPCortex-v2/sdk/lib/tinyusb/src/class/audio/audio_device.c.o
LOAD CMakeFiles/rpcortex_v2.dir/home/dash/RPC-Workspace/RPCortex-v2/sdk/lib/tinyusb/src/class/cdc/cdc_device.c.o
LOAD CMakeFiles/rpcortex_v2.dir/home/dash/RPC-Workspace/RPCortex-v2/sdk/lib/tinyusb/src/class/dfu/dfu_device.c.o
LOAD CMakeFiles/rpcortex_v2.dir/home/dash/RPC-Workspace/RPCortex-v2/sdk/lib/tinyusb/src/class/dfu/dfu_rt_device.c.o
LOAD CMakeFiles/rpcortex_v2.dir/home/dash/RPC-Workspace/RPCortex-v2/sdk/lib/tinyusb/src/class/hid/hid_device.c.o
LOAD CMakeFiles/rpcortex_v2.dir/home/dash/RPC-Workspace/RPCortex-v2/sdk/lib/tinyusb/src/class/midi/midi_device.c.o
LOAD CMakeFiles/rpcortex_v2.dir/home/dash/RPC-Workspace/RPCortex-v2/sdk/lib/tinyusb/src/class/msc/msc_device.c.o
LOAD CMakeFiles/rpcortex_v2.dir/home/dash/RPC-Workspace/RPCortex-v2/sdk/lib/tinyusb/src/class/net/ecm_rndis_device.c.o
LOAD CMakeFiles/rpcortex_v2.dir/home/dash/RPC-Workspace/RPCortex-v2/sdk/lib/tinyusb/src/class/net/ncm_device.c.o
LOAD CMakeFiles/rpcortex_v2.dir/home/dash/RPC-Workspace/RPCortex-v2/sdk/lib/tinyusb/src/class/usbtmc/usbtmc_device.c.o
LOAD CMakeFiles/rpcortex_v2.dir/home/dash/RPC-Workspace/RPCortex-v2/sdk/lib/tinyusb/src/class/vendor/vendor_device.c.o
LOAD CMakeFiles/rpcortex_v2.dir/home/dash/RPC-Workspace/RPCortex-v2/sdk/lib/tinyusb/src/class/video/video_device.c.o
LOAD CMakeFiles/rpcortex_v2.dir/home/dash/RPC-Workspace/RPCortex-v2/sdk/lib/tinyusb/src/tusb.c.o
LOAD CMakeFiles/rpcortex_v2.dir/home/dash/RPC-Workspace/RPCortex-v2/sdk/lib/tinyusb/src/common/tusb_fifo.c.o
LOAD CMakeFiles/rpcortex_v2.dir/home/dash/RPC-Workspace/RPCortex-v2/sdk/src/rp2_common/pico_fix/rp2040_usb_device_enumeration/rp2040_usb_device_enumeration.c.o
LOAD CMakeFiles/rpcortex_v2.dir/home/dash/RPC-Workspace/RPCortex-v2/sdk/src/rp2_common/pico_thread_local/thread_local.c.o
LOAD pico-sdk/src/rp2350/boot_stage2/CMakeFiles/bs2_default_library.dir/./bs2_default_padded.S.o
LOAD /usr/lib/gcc/arm-none-eabi/14.2.1/../../../arm-none-eabi/lib/thumb/v8-m.main+fp/softfp/libstdc++.a
LOAD /usr/lib/gcc/arm-none-eabi/14.2.1/../../../arm-none-eabi/lib/thumb/v8-m.main+fp/softfp/libm.a
START GROUP
LOAD /usr/lib/gcc/arm-none-eabi/14.2.1/thumb/v8-m.main+fp/softfp/libgcc.a
LOAD /usr/lib/gcc/arm-none-eabi/14.2.1/../../../arm-none-eabi/lib/thumb/v8-m.main+fp/softfp/libg.a
LOAD /usr/lib/gcc/arm-none-eabi/14.2.1/../../../arm-none-eabi/lib/thumb/v8-m.main+fp/softfp/libc.a
END GROUP
                0x20000000                        PROVIDE (RAM_ORIGIN = RAM_ORIGIN_DEFAULT)
                0x00080000                        PROVIDE (RAM_LENGTH = RAM_LENGTH_DEFAULT)
                0x20080000                        PROVIDE (SCRATCH_X_ORIGIN = SCRATCH_X_ORIGIN_DEFAULT)
                0x00001000                        PROVIDE (SCRATCH_X_LENGTH = SCRATCH_X_LENGTH_DEFAULT)
                0x20081000                        PROVIDE (SCRATCH_Y_ORIGIN = SCRATCH_Y_ORIGIN_DEFAULT)
                0x00001000                        PROVIDE (SCRATCH_Y_LENGTH = SCRATCH_Y_LENGTH_DEFAULT)
                0x13ffc000                        PROVIDE (XIP_RAM_ORIGIN = XIP_RAM_ORIGIN_DEFAULT)
                0x00004000                        PROVIDE (XIP_RAM_LENGTH = XIP_RAM_LENGTH_DEFAULT)
                0x20000000                        RAM_ORIGIN = DEFINED (RAM_ORIGIN)?RAM_ORIGIN:RAM_ORIGIN_DEFAULT
                0x00080000                        RAM_LENGTH = DEFINED (RAM_LENGTH)?RAM_LENGTH:RAM_LENGTH_DEFAULT
                0x20080000                        SCRATCH_X_ORIGIN = DEFINED (SCRATCH_X_ORIGIN)?SCRATCH_X_ORIGIN:SCRATCH_X_ORIGIN_DEFAULT
                0x00001000                        SCRATCH_X_LENGTH = DEFINED (SCRATCH_X_LENGTH)?SCRATCH_X_LENGTH:SCRATCH_X_LENGTH_DEFAULT
                0x20081000                        SCRATCH_Y_ORIGIN = DEFINED (SCRATCH_Y_ORIGIN)?SCRATCH_Y_ORIGIN:SCRATCH_Y_ORIGIN_DEFAULT
                0x00001000                        SCRATCH_Y_LENGTH = DEFINED (SCRATCH_Y_LENGTH)?SCRATCH_Y_LENGTH:SCRATCH_Y_LENGTH_DEFAULT
                0x13ffc000                        XIP_RAM_ORIGIN = DEFINED (XIP_RAM_ORIGIN)?XIP_RAM_ORIGIN:XIP_RAM_ORIGIN_DEFAULT
                0x00004000                        XIP_RAM_LENGTH = DEFINED (XIP_RAM_LENGTH)?XIP_RAM_LENGTH:XIP_RAM_LENGTH_DEFAULT

.flash_begin    0x10000000        0x0
                0x10000000                        __flash_binary_start = .

.text           0x10000000     0xf46c
                0x10000000                        __logical_binary_start = .
 *(.vectors)
 .vectors       0x10000000      0x124 CMakeFiles/rpcortex_v2.dir/home/dash/RPC-Workspace/RPCortex-v2/sdk/src/rp2_common/pico_crt0/crt0.S.o
                0x10000000                __vectors
                0x10000000                __VECTOR_TABLE
                0x10000110                isr_securefault
                0x10000110                isr_irq30
                0x10000110                __unhandled_user_irq
                0x10000110                isr_irq49
                0x10000110                isr_irq13
                0x10000110                isr_irq43
                0x10000110                isr_irq45
                0x10000110                isr_irq27
                0x10000110                isr_irq32
                0x10000110                isr_irq31
                0x10000110                isr_irq5
                0x10000110                isr_irq11
                0x10000110                isr_irq23
                0x10000110                isr_usagefault
                0x10000110                isr_irq48
                0x10000110                isr_irq35
                0x10000110                isr_irq18
                0x10000110                isr_irq50
                0x10000110                isr_irq40
                0x10000110                isr_irq28
                0x10000110                isr_irq19
                0x10000110                isr_irq36
                0x10000110                isr_irq41
                0x10000110                isr_irq0
                0x10000110                isr_irq6
                0x10000110                isr_memmanage
                0x10000110                isr_irq37
                0x10000110                isr_irq42
                0x10000110                isr_irq22
                0x10000110                isr_irq17
                0x10000110                isr_irq38
                0x10000110                isr_irq14
                0x10000110                __vectors_end
                0x10000110                __default_isrs_start
                0x10000110                isr_irq2
                0x10000110                isr_irq10
                0x10000110                isr_irq8
                0x10000110                isr_debugmonitor
                0x10000110                isr_irq24
                0x10000110                isr_irq46
                0x10000110                isr_irq1
                0x10000110                isr_irq47
                0x10000110                isr_irq51
                0x10000110                isr_irq7
                0x10000110                isr_irq21
                0x10000110                isr_irq39
                0x10000110                isr_irq20
                0x10000110                isr_irq15
                0x10000110                isr_irq25
                0x10000110                isr_irq34
                0x10000110                isr_irq4
                0x10000110                isr_busfault
                0x10000110                isr_irq16
                0x10000110                isr_irq44
                0x10000110                isr_irq29
                0x10000110                isr_irq26
                0x10000110                isr_irq33
                0x10000110                isr_irq3
                0x10000110                isr_irq12
                0x10000110                isr_irq9
                0x10000116                unhandled_user_irq_num_in_r0
                0x10000118                isr_invalid
                0x1000011a                isr_nmi
                0x1000011e                isr_svcall
                0x10000120                isr_pendsv
                0x10000122                isr_systick
                0x10000124                __default_isrs_end
 *(.binary_info_header)
 .binary_info_header
                0x10000124       0x14 CMakeFiles/rpcortex_v2.dir/home/dash/RPC-Workspace/RPCortex-v2/sdk/src/rp2_common/pico_crt0/crt0.S.o
                0x10000138                        __binary_info_header_end = .
 *(.embedded_block)
 .embedded_block
                0x10000138       0x14 CMakeFiles/rpcortex_v2.dir/home/dash/RPC-Workspace/RPCortex-v2/sdk/src/rp2_common/pico_crt0/crt0.S.o
                0x1000014c                        __embedded_block_end = .
 *(.reset)
 .reset         0x1000014c       0x94 CMakeFiles/rpcortex_v2.dir/home/dash/RPC-Workspace/RPCortex-v2/sdk/src/rp2_common/pico_crt0/crt0.S.o
                0x1000014c                _entry_point
 *(.init)
 *libgcc.a:cmse_nonsecure_call.o()
 *(EXCLUDE_FILE(*libm.a: *lib*_a-mem*.o *libc.a: *libgcc.a:) .text*)
 .text.startup.main
                0x100001e0       0x44 CMakeFiles/rpcortex_v2.dir/main.cpp.o
                0x100001e0                main
 .text.fw_printf
                0x10000224       0x1c CMakeFiles/rpcortex_v2.dir/api.cpp.o
                0x10000224                fw_printf
 .text.fw_millis
                0x10000240       0x14 CMakeFiles/rpcortex_v2.dir/api.cpp.o
                0x10000240                fw_millis
 .text.fw_malloc
                0x10000254        0x4 CMakeFiles/rpcortex_v2.dir/api.cpp.o
                0x10000254                fw_malloc
 .text.fw_free  0x10000258        0x4 CMakeFiles/rpcortex_v2.dir/api.cpp.o
                0x10000258                fw_free
 .text.fw_log   0x1000025c       0x28 CMakeFiles/rpcortex_v2.dir/api.cpp.o
                0x1000025c                fw_log
 .text.rpc_register_command
                0x10000284       0x2c CMakeFiles/rpcortex_v2.dir/api.cpp.o
                0x10000284                rpc_register_command
 .text.api_set_current_app
                0x100002b0        0xc CMakeFiles/rpcortex_v2.dir/api.cpp.o
                0x100002b0                api_set_current_app
 .text._Z10api_lookupPKc
                0x100002bc       0x7c CMakeFiles/rpcortex_v2.dir/api.cpp.o
                0x100002bc                api_lookup(char const*)
 .text._Z4klog8LogLevelPKcz.constprop.0
                0x10000338       0x38 CMakeFiles/rpcortex_v2.dir/kernel/kernel.cpp.o
 .text._Z4klog8LogLevelPKcz
                0x10000370       0x48 CMakeFiles/rpcortex_v2.dir/kernel/kernel.cpp.o
                0x10000370                klog(LogLevel, char const*, ...)
 .text._Z10heap_totalv
                0x100003b8       0x10 CMakeFiles/rpcortex_v2.dir/kernel/kernel.cpp.o
                0x100003b8                heap_total()
 .text._Z9heap_freev
                0x100003c8       0x24 CMakeFiles/rpcortex_v2.dir/kernel/kernel.cpp.o
                0x100003c8                heap_free()
 .text._Z5kbootv
                0x100003ec       0x78 CMakeFiles/rpcortex_v2.dir/kernel/kernel.cpp.o
                0x100003ec                kboot()
 .text._Z12cmd_registerPK7Command
                0x10000464       0x70 CMakeFiles/rpcortex_v2.dir/shell/command.cpp.o
                0x10000464                cmd_register(Command const*)
 .text._Z8cmd_findPKc
                0x100004d4       0x48 CMakeFiles/rpcortex_v2.dir/shell/command.cpp.o
                0x100004d4                cmd_find(char const*)
 .text._Z9cmd_countv
                0x1000051c        0xc CMakeFiles/rpcortex_v2.dir/shell/command.cpp.o
                0x1000051c                cmd_count()
 .text._Z6cmd_atm
                0x10000528       0x1c CMakeFiles/rpcortex_v2.dir/shell/command.cpp.o
                0x10000528                cmd_at(unsigned long)
 .text._ZL10cmd_rebootiPPc
                0x10000544       0x20 CMakeFiles/rpcortex_v2.dir/shell/shell.cpp.o
 .text._ZL9cmd_cleariPPc
                0x10000564       0x10 CMakeFiles/rpcortex_v2.dir/shell/shell.cpp.o
 .text._ZL7cmd_veriPPc
                0x10000574       0x18 CMakeFiles/rpcortex_v2.dir/shell/shell.cpp.o
 .text._ZL7cmd_putiPPc
                0x1000058c       0xb4 CMakeFiles/rpcortex_v2.dir/shell/shell.cpp.o
 .text._ZL8cmd_helpiPPc
                0x10000640       0x50 CMakeFiles/rpcortex_v2.dir/shell/shell.cpp.o
 .text._ZL7cmd_runiPPc
                0x10000690      0x120 CMakeFiles/rpcortex_v2.dir/shell/shell.cpp.o
 .text._ZL6cmd_lsiPPc
                0x100007b0        0xc CMakeFiles/rpcortex_v2.dir/shell/shell.cpp.o
 .text._ZL7cmd_memiPPc
                0x100007bc       0x34 CMakeFiles/rpcortex_v2.dir/shell/shell.cpp.o
 .text._Z23shell_register_builtinsv
                0x100007f0       0x1c CMakeFiles/rpcortex_v2.dir/shell/shell.cpp.o
                0x100007f0                shell_register_builtins()
 .text._Z9shell_runv
                0x1000080c      0x108 CMakeFiles/rpcortex_v2.dir/shell/shell.cpp.o
                0x1000080c                shell_run()
 .text._ZL10set_detailP9LoadedAppPKc.part.0
                0x10000914       0x2c CMakeFiles/rpcortex_v2.dir/home/dash/RPC-Workspace/RPCortex-v2/loader-spike/firmware/loader.cpp.o
 .text._Z15load_result_str10LoadResult
                0x10000940       0x18 CMakeFiles/rpcortex_v2.dir/home/dash/RPC-Workspace/RPCortex-v2/loader-spike/firmware/loader.cpp.o
                0x10000940                load_result_str(LoadResult)
 .text._Z10app_unloadP9LoadedApp
                0x10000958       0x34 CMakeFiles/rpcortex_v2.dir/home/dash/RPC-Workspace/RPCortex-v2/loader-spike/firmware/loader.cpp.o
                0x10000958                app_unload(LoadedApp*)
 .text._Z8app_loadRK9AppSourceP9LoadedApp
                0x1000098c      0x9c4 CMakeFiles/rpcortex_v2.dir/home/dash/RPC-Workspace/RPCortex-v2/loader-spike/firmware/loader.cpp.o
                0x1000098c                app_load(AppSource const&, LoadedApp*)
 .text._ZL7fs_syncPK10lfs_config
                0x10001350        0x4 CMakeFiles/rpcortex_v2.dir/home/dash/RPC-Workspace/RPCortex-v2/loader-spike/firmware/storage.cpp.o
 .text._ZL8fs_erasePK10lfs_configm
                0x10001354       0x20 CMakeFiles/rpcortex_v2.dir/home/dash/RPC-Workspace/RPCortex-v2/loader-spike/firmware/storage.cpp.o
 .text._ZL7fs_progPK10lfs_configmmPKvm
                0x10001374       0x24 CMakeFiles/rpcortex_v2.dir/home/dash/RPC-Workspace/RPCortex-v2/loader-spike/firmware/storage.cpp.o
 .text._ZL7fs_readPK10lfs_configmmPvm
                0x10001398       0x1c CMakeFiles/rpcortex_v2.dir/home/dash/RPC-Workspace/RPCortex-v2/loader-spike/firmware/storage.cpp.o
 .text._ZL15lfs_source_readPvmS_m
                0x100013b4       0x34 CMakeFiles/rpcortex_v2.dir/home/dash/RPC-Workspace/RPCortex-v2/loader-spike/firmware/storage.cpp.o
 .text._Z12storage_initb
                0x100013e8       0xc0 CMakeFiles/rpcortex_v2.dir/home/dash/RPC-Workspace/RPCortex-v2/loader-spike/firmware/storage.cpp.o
                0x100013e8                storage_init(bool)
 .text._Z18storage_write_filePKcPKhm
                0x100014a8       0x54 CMakeFiles/rpcortex_v2.dir/home/dash/RPC-Workspace/RPCortex-v2/loader-spike/firmware/storage.cpp.o
                0x100014a8                storage_write_file(char const*, unsigned char const*, unsigned long)
 .text._Z19storage_open_sourcePKcP9AppSourcePPv
                0x100014fc       0x7c CMakeFiles/rpcortex_v2.dir/home/dash/RPC-Workspace/RPCortex-v2/loader-spike/firmware/storage.cpp.o
                0x100014fc                storage_open_source(char const*, AppSource*, void**)
 .text._Z20storage_close_sourcePv
                0x10001578       0x20 CMakeFiles/rpcortex_v2.dir/home/dash/RPC-Workspace/RPCortex-v2/loader-spike/firmware/storage.cpp.o
                0x10001578                storage_close_source(void*)
 .text._Z12storage_listv
                0x10001598       0x84 CMakeFiles/rpcortex_v2.dir/home/dash/RPC-Workspace/RPCortex-v2/loader-spike/firmware/storage.cpp.o
                0x10001598                storage_list()
 .text._Z18storage_free_bytesv
                0x1000161c       0x28 CMakeFiles/rpcortex_v2.dir/home/dash/RPC-Workspace/RPCortex-v2/loader-spike/firmware/storage.cpp.o
                0x1000161c                storage_free_bytes()
 .text.fault_report
                0x10001644       0x84 CMakeFiles/rpcortex_v2.dir/home/dash/RPC-Workspace/RPCortex-v2/loader-spike/firmware/fault.cpp.o
                0x10001644                fault_report
 .text.isr_hardfault
                0x100016c8       0x1c CMakeFiles/rpcortex_v2.dir/home/dash/RPC-Workspace/RPCortex-v2/loader-spike/firmware/fault.cpp.o
                0x100016c8                isr_hardfault
 .text.lfs_dir_traverse_filter
                0x100016e4       0x74 CMakeFiles/rpcortex_v2.dir/home/dash/RPC-Workspace/RPCortex-v2/littlefs/lfs.c.o
 .text.lfs_dir_commit_size
                0x10001758       0x20 CMakeFiles/rpcortex_v2.dir/home/dash/RPC-Workspace/RPCortex-v2/littlefs/lfs.c.o
 .text.lfs_bd_read
                0x10001778      0x278 CMakeFiles/rpcortex_v2.dir/home/dash/RPC-Workspace/RPCortex-v2/littlefs/lfs.c.o
 .text.lfs_fs_parent_match
                0x100019f0       0x48 CMakeFiles/rpcortex_v2.dir/home/dash/RPC-Workspace/RPCortex-v2/littlefs/lfs.c.o
 .text.lfs_bd_read.constprop.0
                0x10001a38      0x134 CMakeFiles/rpcortex_v2.dir/home/dash/RPC-Workspace/RPCortex-v2/littlefs/lfs.c.o
 .text.lfs_bd_flush
                0x10001b6c       0xb8 CMakeFiles/rpcortex_v2.dir/home/dash/RPC-Workspace/RPCortex-v2/littlefs/lfs.c.o
 .text.lfs_bd_prog.constprop.0
                0x10001c24       0xac CMakeFiles/rpcortex_v2.dir/home/dash/RPC-Workspace/RPCortex-v2/littlefs/lfs.c.o
 .text.lfs_dir_getgstate
                0x10001cd0       0xe4 CMakeFiles/rpcortex_v2.dir/home/dash/RPC-Workspace/RPCortex-v2/littlefs/lfs.c.o
 .text.lfs_dir_getslice.constprop.2
                0x10001db4      0x148 CMakeFiles/rpcortex_v2.dir/home/dash/RPC-Workspace/RPCortex-v2/littlefs/lfs.c.o
 .text.lfs_dir_getslice.constprop.1
                0x10001efc      0x140 CMakeFiles/rpcortex_v2.dir/home/dash/RPC-Workspace/RPCortex-v2/littlefs/lfs.c.o
 .text.lfs_dir_getslice.constprop.0
                0x1000203c      0x140 CMakeFiles/rpcortex_v2.dir/home/dash/RPC-Workspace/RPCortex-v2/littlefs/lfs.c.o
 .text.lfs_dir_traverse.constprop.0
                0x1000217c      0x2f4 CMakeFiles/rpcortex_v2.dir/home/dash/RPC-Workspace/RPCortex-v2/littlefs/lfs.c.o
 .text.lfs_ctz_find.constprop.0
                0x10002470       0xe0 CMakeFiles/rpcortex_v2.dir/home/dash/RPC-Workspace/RPCortex-v2/littlefs/lfs.c.o
 .text.lfs_file_flushedread
                0x10002550      0x1b4 CMakeFiles/rpcortex_v2.dir/home/dash/RPC-Workspace/RPCortex-v2/littlefs/lfs.c.o
 .text.lfs_init
                0x10002704      0x124 CMakeFiles/rpcortex_v2.dir/home/dash/RPC-Workspace/RPCortex-v2/littlefs/lfs.c.o
 .text.lfs_ctz_traverse.part.0.constprop.0
                0x10002828       0xa0 CMakeFiles/rpcortex_v2.dir/home/dash/RPC-Workspace/RPCortex-v2/littlefs/lfs.c.o
 .text.lfs_dir_getinfo
                0x100028c8      0x1c8 CMakeFiles/rpcortex_v2.dir/home/dash/RPC-Workspace/RPCortex-v2/littlefs/lfs.c.o
 .text.lfs_dir_find_match
                0x10002a90       0x94 CMakeFiles/rpcortex_v2.dir/home/dash/RPC-Workspace/RPCortex-v2/littlefs/lfs.c.o
 .text.lfs_dir_fetchmatch
                0x10002b24      0x550 CMakeFiles/rpcortex_v2.dir/home/dash/RPC-Workspace/RPCortex-v2/littlefs/lfs.c.o
 .text.lfs_fs_parent
                0x10003074       0xbc CMakeFiles/rpcortex_v2.dir/home/dash/RPC-Workspace/RPCortex-v2/littlefs/lfs.c.o
 .text.lfs_fs_pred
                0x10003130       0xa8 CMakeFiles/rpcortex_v2.dir/home/dash/RPC-Workspace/RPCortex-v2/littlefs/lfs.c.o
 .text.lfs_dir_find
                0x100031d8      0x1a0 CMakeFiles/rpcortex_v2.dir/home/dash/RPC-Workspace/RPCortex-v2/littlefs/lfs.c.o
 .text.lfs_fs_traverse_.constprop.0
                0x10003378      0x180 CMakeFiles/rpcortex_v2.dir/home/dash/RPC-Workspace/RPCortex-v2/littlefs/lfs.c.o
 .text.lfs_dir_commitprog
                0x100034f8       0xf4 CMakeFiles/rpcortex_v2.dir/home/dash/RPC-Workspace/RPCortex-v2/littlefs/lfs.c.o
 .text.lfs_dir_alloc
                0x100035ec      0x620 CMakeFiles/rpcortex_v2.dir/home/dash/RPC-Workspace/RPCortex-v2/littlefs/lfs.c.o
 .text.lfs_alloc
                0x10003c0c      0x588 CMakeFiles/rpcortex_v2.dir/home/dash/RPC-Workspace/RPCortex-v2/littlefs/lfs.c.o
 .text.lfs_file_relocate
                0x10004194      0x1e8 CMakeFiles/rpcortex_v2.dir/home/dash/RPC-Workspace/RPCortex-v2/littlefs/lfs.c.o
 .text.lfs_file_flushedwrite
                0x1000437c      0x35c CMakeFiles/rpcortex_v2.dir/home/dash/RPC-Workspace/RPCortex-v2/littlefs/lfs.c.o
 .text.lfs_file_flush
                0x100046d8       0xec CMakeFiles/rpcortex_v2.dir/home/dash/RPC-Workspace/RPCortex-v2/littlefs/lfs.c.o
 .text.lfs_dir_commit_commit
                0x100047c4       0xc0 CMakeFiles/rpcortex_v2.dir/home/dash/RPC-Workspace/RPCortex-v2/littlefs/lfs.c.o
 .text.lfs_dir_commitcrc
                0x10004884      0x3e8 CMakeFiles/rpcortex_v2.dir/home/dash/RPC-Workspace/RPCortex-v2/littlefs/lfs.c.o
 .text.lfs_dir_compact
                0x10004c6c      0x280 CMakeFiles/rpcortex_v2.dir/home/dash/RPC-Workspace/RPCortex-v2/littlefs/lfs.c.o
 .text.lfs_dir_splittingcompact.constprop.0
                0x10004eec      0x7e4 CMakeFiles/rpcortex_v2.dir/home/dash/RPC-Workspace/RPCortex-v2/littlefs/lfs.c.o
 .text.lfs_dir_relocatingcommit
                0x100056d0      0x660 CMakeFiles/rpcortex_v2.dir/home/dash/RPC-Workspace/RPCortex-v2/littlefs/lfs.c.o
 .text.lfs_dir_relocatingcommit.constprop.0
                0x10005d30      0x39c CMakeFiles/rpcortex_v2.dir/home/dash/RPC-Workspace/RPCortex-v2/littlefs/lfs.c.o
 .text.lfs_dir_orphaningcommit
                0x100060cc      0x38c CMakeFiles/rpcortex_v2.dir/home/dash/RPC-Workspace/RPCortex-v2/littlefs/lfs.c.o
 .text.lfs_fs_deorphan
                0x10006458      0x29c CMakeFiles/rpcortex_v2.dir/home/dash/RPC-Workspace/RPCortex-v2/littlefs/lfs.c.o
 .text.lfs_fs_forceconsistency
                0x100066f4       0xf4 CMakeFiles/rpcortex_v2.dir/home/dash/RPC-Workspace/RPCortex-v2/littlefs/lfs.c.o
 .text.lfs_file_opencfg_
                0x100067e8      0x30c CMakeFiles/rpcortex_v2.dir/home/dash/RPC-Workspace/RPCortex-v2/littlefs/lfs.c.o
 *fill*         0x10006af4        0x4 
 .text.lfs_format
                0x10006af8      0x148 CMakeFiles/rpcortex_v2.dir/home/dash/RPC-Workspace/RPCortex-v2/littlefs/lfs.c.o
                0x10006af8                lfs_format
 .text.lfs_mount
                0x10006c40      0x1c4 CMakeFiles/rpcortex_v2.dir/home/dash/RPC-Workspace/RPCortex-v2/littlefs/lfs.c.o
                0x10006c40                lfs_mount
 .text.lfs_stat
                0x10006e04       0x48 CMakeFiles/rpcortex_v2.dir/home/dash/RPC-Workspace/RPCortex-v2/littlefs/lfs.c.o
                0x10006e04                lfs_stat
 .text.lfs_file_open
                0x10006e4c       0x14 CMakeFiles/rpcortex_v2.dir/home/dash/RPC-Workspace/RPCortex-v2/littlefs/lfs.c.o
                0x10006e4c                lfs_file_open
 .text.lfs_file_close
                0x10006e60      0x128 CMakeFiles/rpcortex_v2.dir/home/dash/RPC-Workspace/RPCortex-v2/littlefs/lfs.c.o
                0x10006e60                lfs_file_close
 .text.lfs_file_read
                0x10006f88       0x2c CMakeFiles/rpcortex_v2.dir/home/dash/RPC-Workspace/RPCortex-v2/littlefs/lfs.c.o
                0x10006f88                lfs_file_read
 .text.lfs_file_write
                0x10006fb4       0x8c CMakeFiles/rpcortex_v2.dir/home/dash/RPC-Workspace/RPCortex-v2/littlefs/lfs.c.o
                0x10006fb4                lfs_file_write
 .text.lfs_file_seek
                0x10007040       0xdc CMakeFiles/rpcortex_v2.dir/home/dash/RPC-Workspace/RPCortex-v2/littlefs/lfs.c.o
                0x10007040                lfs_file_seek
 .text.lfs_dir_open
                0x1000711c       0x9c CMakeFiles/rpcortex_v2.dir/home/dash/RPC-Workspace/RPCortex-v2/littlefs/lfs.c.o
                0x1000711c                lfs_dir_open
 .text.lfs_dir_close
                0x100071b8       0x1c CMakeFiles/rpcortex_v2.dir/home/dash/RPC-Workspace/RPCortex-v2/littlefs/lfs.c.o
                0x100071b8                lfs_dir_close
 .text.lfs_dir_read
                0x100071d4       0xb8 CMakeFiles/rpcortex_v2.dir/home/dash/RPC-Workspace/RPCortex-v2/littlefs/lfs.c.o
                0x100071d4                lfs_dir_read
 .text.lfs_fs_size
                0x1000728c       0x18 CMakeFiles/rpcortex_v2.dir/home/dash/RPC-Workspace/RPCortex-v2/littlefs/lfs.c.o
                0x1000728c                lfs_fs_size
 .text.lfs_crc  0x100072a4       0x44 CMakeFiles/rpcortex_v2.dir/home/dash/RPC-Workspace/RPCortex-v2/littlefs/lfs_util.c.o
                0x100072a4                lfs_crc
 .text.panic    0x100072e8       0x30 CMakeFiles/rpcortex_v2.dir/home/dash/RPC-Workspace/RPCortex-v2/sdk/src/rp2_common/pico_platform_panic/panic.c.o
                0x100072e8                panic
 .text.hw_claim_or_assert
                0x10007318       0x58 CMakeFiles/rpcortex_v2.dir/home/dash/RPC-Workspace/RPCortex-v2/sdk/src/common/hardware_claim/claim.c.o
                0x10007318                hw_claim_or_assert
 .text.hw_claim_unused_from_range
                0x10007370       0x80 CMakeFiles/rpcortex_v2.dir/home/dash/RPC-Workspace/RPCortex-v2/sdk/src/common/hardware_claim/claim.c.o
                0x10007370                hw_claim_unused_from_range
 .text.next_striped_spin_lock_num
                0x100073f0       0x18 CMakeFiles/rpcortex_v2.dir/home/dash/RPC-Workspace/RPCortex-v2/sdk/src/rp2_common/hardware_sync/sync.c.o
                0x100073f0                next_striped_spin_lock_num
 .text.spin_lock_claim_unused
                0x10007408       0x20 CMakeFiles/rpcortex_v2.dir/home/dash/RPC-Workspace/RPCortex-v2/sdk/src/rp2_common/hardware_sync/sync.c.o
                0x10007408                spin_lock_claim_unused
 .text.spinlock_set_extexclall
                0x10007428       0x10 CMakeFiles/rpcortex_v2.dir/home/dash/RPC-Workspace/RPCortex-v2/sdk/src/rp2_common/hardware_sync_spin_lock/sync_spin_lock.c.o
 .text.spin_locks_reset
                0x10007438       0x18 CMakeFiles/rpcortex_v2.dir/home/dash/RPC-Workspace/RPCortex-v2/sdk/src/rp2_common/hardware_sync_spin_lock/sync_spin_lock.c.o
                0x10007438                spin_locks_reset
 .text.runtime_init_per_core_irq_priorities
                0x10007450       0x40 CMakeFiles/rpcortex_v2.dir/home/dash/RPC-Workspace/RPCortex-v2/sdk/src/rp2_common/hardware_irq/irq.c.o
                0x10007450                runtime_init_per_core_irq_priorities
 .text.irq_set_enabled
                0x10007490       0x2c CMakeFiles/rpcortex_v2.dir/home/dash/RPC-Workspace/RPCortex-v2/sdk/src/rp2_common/hardware_irq/irq.c.o
                0x10007490                irq_set_enabled
 .text.irq_is_enabled
                0x100074bc       0x20 CMakeFiles/rpcortex_v2.dir/home/dash/RPC-Workspace/RPCortex-v2/sdk/src/rp2_common/hardware_irq/irq.c.o
                0x100074bc                irq_is_enabled
 .text.irq_set_pending
                0x100074dc       0x18 CMakeFiles/rpcortex_v2.dir/home/dash/RPC-Workspace/RPCortex-v2/sdk/src/rp2_common/hardware_irq/irq.c.o
                0x100074dc                irq_set_pending
 .text.irq_has_shared_handler
                0x100074f4       0x20 CMakeFiles/rpcortex_v2.dir/home/dash/RPC-Workspace/RPCortex-v2/sdk/src/rp2_common/hardware_irq/irq.c.o
                0x100074f4                irq_has_shared_handler
 .text.irq_set_exclusive_handler
                0x10007514       0x5c CMakeFiles/rpcortex_v2.dir/home/dash/RPC-Workspace/RPCortex-v2/sdk/src/rp2_common/hardware_irq/irq.c.o
                0x10007514                irq_set_exclusive_handler
 .text.irq_add_shared_handler
                0x10007570      0x1bc CMakeFiles/rpcortex_v2.dir/home/dash/RPC-Workspace/RPCortex-v2/sdk/src/rp2_common/hardware_irq/irq.c.o
                0x10007570                irq_add_shared_handler
 .text.irq_add_tail_to_free_list
                0x1000772c       0xd4 CMakeFiles/rpcortex_v2.dir/home/dash/RPC-Workspace/RPCortex-v2/sdk/src/rp2_common/hardware_irq/irq.c.o
                0x1000772c                irq_add_tail_to_free_list
 .text.user_irq_claim_unused
                0x10007800       0x28 CMakeFiles/rpcortex_v2.dir/home/dash/RPC-Workspace/RPCortex-v2/sdk/src/rp2_common/hardware_irq/irq.c.o
                0x10007800                user_irq_claim_unused
 .text.lock_init
                0x10007828        0xc CMakeFiles/rpcortex_v2.dir/home/dash/RPC-Workspace/RPCortex-v2/sdk/src/common/pico_sync/lock_core.c.o
                0x10007828                lock_init
 .text.runtime_init_mutex
                0x10007834       0x4c CMakeFiles/rpcortex_v2.dir/home/dash/RPC-Workspace/RPCortex-v2/sdk/src/common/pico_sync/mutex.c.o
                0x10007834                runtime_init_mutex
 .text.mutex_init
                0x10007880       0x1c CMakeFiles/rpcortex_v2.dir/home/dash/RPC-Workspace/RPCortex-v2/sdk/src/common/pico_sync/mutex.c.o
                0x10007880                mutex_init
 .text.critical_section_init
                0x1000789c       0x1c CMakeFiles/rpcortex_v2.dir/home/dash/RPC-Workspace/RPCortex-v2/sdk/src/common/pico_sync/critical_section.c.o
                0x1000789c                critical_section_init
 .text.critical_section_init_with_lock_num
                0x100078b8       0x10 CMakeFiles/rpcortex_v2.dir/home/dash/RPC-Workspace/RPCortex-v2/sdk/src/common/pico_sync/critical_section.c.o
                0x100078b8                critical_section_init_with_lock_num
 .text.sleep_until_callback
                0x100078c8       0x4c CMakeFiles/rpcortex_v2.dir/home/dash/RPC-Workspace/RPCortex-v2/sdk/src/common/pico_time/time.c.o
 *fill*         0x10007914        0x4 
 .text.alarm_pool_irq_handler
                0x10007918      0x2f0 CMakeFiles/rpcortex_v2.dir/home/dash/RPC-Workspace/RPCortex-v2/sdk/src/common/pico_time/time.c.o
 .text.runtime_init_default_alarm_pool
                0x10007c08      0x100 CMakeFiles/rpcortex_v2.dir/home/dash/RPC-Workspace/RPCortex-v2/sdk/src/common/pico_time/time.c.o
                0x10007c08                runtime_init_default_alarm_pool
 .text.alarm_pool_get_default
                0x10007d08        0x8 CMakeFiles/rpcortex_v2.dir/home/dash/RPC-Workspace/RPCortex-v2/sdk/src/common/pico_time/time.c.o
                0x10007d08                alarm_pool_get_default
 .text.alarm_pool_add_alarm_at
                0x10007d10       0xdc CMakeFiles/rpcortex_v2.dir/home/dash/RPC-Workspace/RPCortex-v2/sdk/src/common/pico_time/time.c.o
                0x10007d10                alarm_pool_add_alarm_at
 .text.alarm_pool_add_alarm_at_force_in_context
                0x10007dec       0xc8 CMakeFiles/rpcortex_v2.dir/home/dash/RPC-Workspace/RPCortex-v2/sdk/src/common/pico_time/time.c.o
                0x10007dec                alarm_pool_add_alarm_at_force_in_context
 .text.alarm_pool_cancel_alarm
                0x10007eb4       0x80 CMakeFiles/rpcortex_v2.dir/home/dash/RPC-Workspace/RPCortex-v2/sdk/src/common/pico_time/time.c.o
                0x10007eb4                alarm_pool_cancel_alarm
 .text.alarm_pool_core_num
                0x10007f34        0x4 CMakeFiles/rpcortex_v2.dir/home/dash/RPC-Workspace/RPCortex-v2/sdk/src/common/pico_time/time.c.o
                0x10007f34                alarm_pool_core_num
 .text.sleep_ms
                0x10007f38       0xf4 CMakeFiles/rpcortex_v2.dir/home/dash/RPC-Workspace/RPCortex-v2/sdk/src/common/pico_time/time.c.o
                0x10007f38                sleep_ms
 .text.best_effort_wfe_or_timeout
                0x1000802c       0xe8 CMakeFiles/rpcortex_v2.dir/home/dash/RPC-Workspace/RPCortex-v2/sdk/src/common/pico_time/time.c.o
                0x1000802c                best_effort_wfe_or_timeout
 .text.timer_hardware_alarm_claim
                0x10008114       0x24 CMakeFiles/rpcortex_v2.dir/home/dash/RPC-Workspace/RPCortex-v2/sdk/src/rp2_common/hardware_timer/timer.c.o
                0x10008114                timer_hardware_alarm_claim
 .text.timer_time_us_64
                0x10008138       0x10 CMakeFiles/rpcortex_v2.dir/home/dash/RPC-Workspace/RPCortex-v2/sdk/src/rp2_common/hardware_timer/timer.c.o
                0x10008138                timer_time_us_64
 .text.time_us_64
                0x10008148       0x14 CMakeFiles/rpcortex_v2.dir/home/dash/RPC-Workspace/RPCortex-v2/sdk/src/rp2_common/hardware_timer/timer.c.o
                0x10008148                time_us_64
 .text.busy_wait_us
                0x1000815c       0x5c CMakeFiles/rpcortex_v2.dir/home/dash/RPC-Workspace/RPCortex-v2/sdk/src/rp2_common/hardware_timer/timer.c.o
                0x1000815c                busy_wait_us
 .text.busy_wait_until
                0x100081b8       0x24 CMakeFiles/rpcortex_v2.dir/home/dash/RPC-Workspace/RPCortex-v2/sdk/src/rp2_common/hardware_timer/timer.c.o
                0x100081b8                busy_wait_until
 .text.clock_configure_undivided
                0x100081dc       0xd0 CMakeFiles/rpcortex_v2.dir/home/dash/RPC-Workspace/RPCortex-v2/sdk/src/rp2_common/hardware_clocks/clocks.c.o
                0x100081dc                clock_configure_undivided
 .text.clock_get_hz
                0x100082ac        0xc CMakeFiles/rpcortex_v2.dir/home/dash/RPC-Workspace/RPCortex-v2/sdk/src/rp2_common/hardware_clocks/clocks.c.o
                0x100082ac                clock_get_hz
 .text.pll_init
                0x100082b8       0x8c CMakeFiles/rpcortex_v2.dir/home/dash/RPC-Workspace/RPCortex-v2/sdk/src/rp2_common/hardware_pll/pll.c.o
                0x100082b8                pll_init
 .text.watchdog_reboot
                0x10008344       0x98 CMakeFiles/rpcortex_v2.dir/home/dash/RPC-Workspace/RPCortex-v2/sdk/src/rp2_common/hardware_watchdog/watchdog.c.o
                0x10008344                watchdog_reboot
 .text.tick_start
                0x100083dc       0x18 CMakeFiles/rpcortex_v2.dir/home/dash/RPC-Workspace/RPCortex-v2/sdk/src/rp2_common/hardware_ticks/ticks.c.o
                0x100083dc                tick_start
 .text.rom_reboot.constprop.0.isra.0
                0x100083f4       0x34 CMakeFiles/rpcortex_v2.dir/home/dash/RPC-Workspace/RPCortex-v2/sdk/src/rp2_common/pico_bootrom/bootrom.c.o
 .text.rom_func_lookup
                0x10008428       0x18 CMakeFiles/rpcortex_v2.dir/home/dash/RPC-Workspace/RPCortex-v2/sdk/src/rp2_common/pico_bootrom/bootrom.c.o
                0x10008428                rom_func_lookup
 .text.rom_reset_usb_boot_extra
                0x10008440       0x34 CMakeFiles/rpcortex_v2.dir/home/dash/RPC-Workspace/RPCortex-v2/sdk/src/rp2_common/pico_bootrom/bootrom.c.o
                0x10008440                rom_reset_usb_boot_extra
 .text.runtime_init_bootrom_locking_enable
                0x10008474       0x14 CMakeFiles/rpcortex_v2.dir/home/dash/RPC-Workspace/RPCortex-v2/sdk/src/rp2_common/pico_bootrom/bootrom_lock.c.o
                0x10008474                runtime_init_bootrom_locking_enable
 .text.runtime_init_boot_locks_reset
                0x10008488       0x1c CMakeFiles/rpcortex_v2.dir/home/dash/RPC-Workspace/RPCortex-v2/sdk/src/rp2_common/hardware_boot_lock/boot_lock.c.o
                0x10008488                runtime_init_boot_locks_reset
 .text.xosc_init
                0x100084a4       0x30 CMakeFiles/rpcortex_v2.dir/home/dash/RPC-Workspace/RPCortex-v2/sdk/src/rp2_common/hardware_xosc/xosc.c.o
                0x100084a4                xosc_init
 .text.first_per_core_initializer
                0x100084d4        0x4 CMakeFiles/rpcortex_v2.dir/home/dash/RPC-Workspace/RPCortex-v2/sdk/src/rp2_common/pico_runtime/runtime.c.o
 .text.hard_assertion_failure
                0x100084d8        0xc CMakeFiles/rpcortex_v2.dir/home/dash/RPC-Workspace/RPCortex-v2/sdk/src/rp2_common/pico_runtime/runtime.c.o
                0x100084d8                hard_assertion_failure
 .text.runtime_run_initializers
                0x100084e4       0x20 CMakeFiles/rpcortex_v2.dir/home/dash/RPC-Workspace/RPCortex-v2/sdk/src/rp2_common/pico_runtime/runtime.c.o
                0x100084e4                runtime_run_initializers
 .text.runtime_init_early_resets
                0x10008504       0x34 CMakeFiles/rpcortex_v2.dir/home/dash/RPC-Workspace/RPCortex-v2/sdk/src/rp2_common/pico_runtime_init/runtime_init.c.o
                0x10008504                runtime_init_early_resets
 .text.runtime_init_usb_power_down
                0x10008538       0x1c CMakeFiles/rpcortex_v2.dir/home/dash/RPC-Workspace/RPCortex-v2/sdk/src/rp2_common/pico_runtime_init/runtime_init.c.o
                0x10008538                runtime_init_usb_power_down
 .text.runtime_init_per_core_enable_coprocessors
                0x10008554       0x1c CMakeFiles/rpcortex_v2.dir/home/dash/RPC-Workspace/RPCortex-v2/sdk/src/rp2_common/pico_runtime_init/runtime_init.c.o
                0x10008554                runtime_init_per_core_enable_coprocessors
 .text.runtime_init_post_clock_resets
                0x10008570       0x20 CMakeFiles/rpcortex_v2.dir/home/dash/RPC-Workspace/RPCortex-v2/sdk/src/rp2_common/pico_runtime_init/runtime_init.c.o
                0x10008570                runtime_init_post_clock_resets
 .text.runtime_init_bootrom_reset
                0x10008590       0x14 CMakeFiles/rpcortex_v2.dir/home/dash/RPC-Workspace/RPCortex-v2/sdk/src/rp2_common/pico_runtime_init/runtime_init.c.o
                0x10008590                runtime_init_bootrom_reset
 .text.runtime_init_per_core_bootrom_reset
                0x100085a4       0x14 CMakeFiles/rpcortex_v2.dir/home/dash/RPC-Workspace/RPCortex-v2/sdk/src/rp2_common/pico_runtime_init/runtime_init.c.o
                0x100085a4                runtime_init_per_core_bootrom_reset
 .text.runtime_init_spin_locks_reset
                0x100085b8        0x4 CMakeFiles/rpcortex_v2.dir/home/dash/RPC-Workspace/RPCortex-v2/sdk/src/rp2_common/pico_runtime_init/runtime_init.c.o
                0x100085b8                runtime_init_spin_locks_reset
 .text.runtime_init_install_ram_vector_table
                0x100085bc       0x64 CMakeFiles/rpcortex_v2.dir/home/dash/RPC-Workspace/RPCortex-v2/sdk/src/rp2_common/pico_runtime_init/runtime_init.c.o
                0x100085bc                runtime_init_install_ram_vector_table
 .text.runtime_init_clocks
                0x10008620       0xdc CMakeFiles/rpcortex_v2.dir/home/dash/RPC-Workspace/RPCortex-v2/sdk/src/rp2_common/pico_runtime_init/runtime_init_clocks.c.o
                0x10008620                runtime_init_clocks
 .text.__rp2350_dcp_engaged_state_save_restore
                0x100086fc       0x3a CMakeFiles/rpcortex_v2.dir/home/dash/RPC-Workspace/RPCortex-v2/sdk/src/rp2_common/pico_double/double_aeabi_dcp.S.o
 *fill*         0x10008736        0x2 
 .text.__wrap___aeabi_dadd
                0x10008738       0x28 CMakeFiles/rpcortex_v2.dir/home/dash/RPC-Workspace/RPCortex-v2/sdk/src/rp2_common/pico_double/double_aeabi_dcp.S.o
                0x10008740                __wrap___aeabi_dadd
 .text.__wrap___aeabi_dsub
                0x10008760       0x28 CMakeFiles/rpcortex_v2.dir/home/dash/RPC-Workspace/RPCortex-v2/sdk/src/rp2_common/pico_double/double_aeabi_dcp.S.o
                0x10008768                __wrap___aeabi_dsub
 .text.__wrap___aeabi_dmul
                0x10008788       0x48 CMakeFiles/rpcortex_v2.dir/home/dash/RPC-Workspace/RPCortex-v2/sdk/src/rp2_common/pico_double/double_aeabi_dcp.S.o
                0x10008790                __wrap___aeabi_dmul
 .text.__wrap___aeabi_ddiv
                0x100087d0       0x9c CMakeFiles/rpcortex_v2.dir/home/dash/RPC-Workspace/RPCortex-v2/sdk/src/rp2_common/pico_double/double_aeabi_dcp.S.o
                0x100087d8                __wrap___aeabi_ddiv
 .text.__wrap___aeabi_i2d
                0x1000886c       0x24 CMakeFiles/rpcortex_v2.dir/home/dash/RPC-Workspace/RPCortex-v2/sdk/src/rp2_common/pico_double/double_aeabi_dcp.S.o
                0x10008874                __wrap___aeabi_i2d
                0x10008874                int2double
 .text.__wrap___aeabi_ui2d
                0x10008890       0x24 CMakeFiles/rpcortex_v2.dir/home/dash/RPC-Workspace/RPCortex-v2/sdk/src/rp2_common/pico_double/double_aeabi_dcp.S.o
                0x10008898                __wrap___aeabi_ui2d
                0x10008898                uint2double
 .text.__wrap___aeabi_d2iz
                0x100088b4       0x24 CMakeFiles/rpcortex_v2.dir/home/dash/RPC-Workspace/RPCortex-v2/sdk/src/rp2_common/pico_double/double_aeabi_dcp.S.o
                0x100088bc                __wrap___aeabi_d2iz
                0x100088bc                double2int_z
 .text.__wrap___aeabi_d2uiz
                0x100088d8       0x24 CMakeFiles/rpcortex_v2.dir/home/dash/RPC-Workspace/RPCortex-v2/sdk/src/rp2_common/pico_double/double_aeabi_dcp.S.o
                0x100088e0                double2uint_z
                0x100088e0                double2uint
                0x100088e0                __wrap___aeabi_d2uiz
 .text.__wrap___aeabi_dcmpun
                0x100088fc       0x24 CMakeFiles/rpcortex_v2.dir/home/dash/RPC-Workspace/RPCortex-v2/sdk/src/rp2_common/pico_double/double_aeabi_dcp.S.o
                0x10008904                __wrap___aeabi_dcmpun
 .text.__wrap___aeabi_dcmplt
                0x10008920       0x28 CMakeFiles/rpcortex_v2.dir/home/dash/RPC-Workspace/RPCortex-v2/sdk/src/rp2_common/pico_double/double_aeabi_dcp.S.o
                0x10008928                __wrap___aeabi_dcmplt
 .text.__wrap___aeabi_dcmple
                0x10008948       0x28 CMakeFiles/rpcortex_v2.dir/home/dash/RPC-Workspace/RPCortex-v2/sdk/src/rp2_common/pico_double/double_aeabi_dcp.S.o
                0x10008950                __wrap___aeabi_dcmple
 .text.__wrap___aeabi_dcmpge
                0x10008970       0x28 CMakeFiles/rpcortex_v2.dir/home/dash/RPC-Workspace/RPCortex-v2/sdk/src/rp2_common/pico_double/double_aeabi_dcp.S.o
                0x10008978                __wrap___aeabi_dcmpge
 .text.__wrap___aeabi_dcmpgt
                0x10008998       0x28 CMakeFiles/rpcortex_v2.dir/home/dash/RPC-Workspace/RPCortex-v2/sdk/src/rp2_common/pico_double/double_aeabi_dcp.S.o
                0x100089a0                __wrap___aeabi_dcmpgt
 .text.__wrap_malloc
                0x100089c0       0x24 CMakeFiles/rpcortex_v2.dir/home/dash/RPC-Workspace/RPCortex-v2/sdk/src/rp2_common/pico_malloc/malloc.c.o
                0x100089c0                __wrap_malloc
 .text.__wrap_free
                0x100089e4        0x4 CMakeFiles/rpcortex_v2.dir/home/dash/RPC-Workspace/RPCortex-v2/sdk/src/rp2_common/pico_malloc/malloc.c.o
                0x100089e4                __wrap_free
 .text._out_null
                0x100089e8        0x4 CMakeFiles/rpcortex_v2.dir/home/dash/RPC-Workspace/RPCortex-v2/sdk/src/rp2_common/pico_printf/printf.c.o
 .text._out_rev
                0x100089ec       0x9c CMakeFiles/rpcortex_v2.dir/home/dash/RPC-Workspace/RPCortex-v2/sdk/src/rp2_common/pico_printf/printf.c.o
 .text._ntoa_format
                0x10008a88      0x1d4 CMakeFiles/rpcortex_v2.dir/home/dash/RPC-Workspace/RPCortex-v2/sdk/src/rp2_common/pico_printf/printf.c.o
 .text._out_char
                0x10008c5c        0x8 CMakeFiles/rpcortex_v2.dir/home/dash/RPC-Workspace/RPCortex-v2/sdk/src/rp2_common/pico_printf/printf.c.o
 .text._out_fct
                0x10008c64        0xc CMakeFiles/rpcortex_v2.dir/home/dash/RPC-Workspace/RPCortex-v2/sdk/src/rp2_common/pico_printf/printf.c.o
 .text._ftoa    0x10008c70      0x4bc CMakeFiles/rpcortex_v2.dir/home/dash/RPC-Workspace/RPCortex-v2/sdk/src/rp2_common/pico_printf/printf.c.o
 *fill*         0x1000912c        0x4 
 .text._etoa    0x10009130      0x574 CMakeFiles/rpcortex_v2.dir/home/dash/RPC-Workspace/RPCortex-v2/sdk/src/rp2_common/pico_printf/printf.c.o
 .text._vsnprintf
                0x100096a4      0x9e4 CMakeFiles/rpcortex_v2.dir/home/dash/RPC-Workspace/RPCortex-v2/sdk/src/rp2_common/pico_printf/printf.c.o
 .text.vfctprintf
                0x1000a088       0x28 CMakeFiles/rpcortex_v2.dir/home/dash/RPC-Workspace/RPCortex-v2/sdk/src/rp2_common/pico_printf/printf.c.o
                0x1000a088                vfctprintf
 .text.weak_raw_vprintf
                0x1000a0b0       0x30 CMakeFiles/rpcortex_v2.dir/home/dash/RPC-Workspace/RPCortex-v2/sdk/src/rp2_common/pico_printf/printf.c.o
                0x1000a0b0                weak_raw_vprintf
 .text._exit    0x1000a0e0        0x4 CMakeFiles/rpcortex_v2.dir/home/dash/RPC-Workspace/RPCortex-v2/sdk/src/rp2_common/pico_clib_interface/newlib_interface.c.o
                0x1000a0e0                _exit
 .text._fini    0x1000a0e4        0x4 CMakeFiles/rpcortex_v2.dir/home/dash/RPC-Workspace/RPCortex-v2/sdk/src/rp2_common/pico_clib_interface/newlib_interface.c.o
                0x1000a0e4                _fini
 .text._sbrk    0x1000a0e8       0x2c CMakeFiles/rpcortex_v2.dir/home/dash/RPC-Workspace/RPCortex-v2/sdk/src/rp2_common/pico_clib_interface/newlib_interface.c.o
                0x1000a0e8                _sbrk
 .text._read    0x1000a114       0x1c CMakeFiles/rpcortex_v2.dir/home/dash/RPC-Workspace/RPCortex-v2/sdk/src/rp2_common/pico_clib_interface/newlib_interface.c.o
                0x1000a114                _read
 .text._write   0x1000a130       0x20 CMakeFiles/rpcortex_v2.dir/home/dash/RPC-Workspace/RPCortex-v2/sdk/src/rp2_common/pico_clib_interface/newlib_interface.c.o
                0x1000a130                _write
 .text._close   0x1000a150        0x8 CMakeFiles/rpcortex_v2.dir/home/dash/RPC-Workspace/RPCortex-v2/sdk/src/rp2_common/pico_clib_interface/newlib_interface.c.o
                0x1000a150                _close
 .text._lseek   0x1000a158        0x8 CMakeFiles/rpcortex_v2.dir/home/dash/RPC-Workspace/RPCortex-v2/sdk/src/rp2_common/pico_clib_interface/newlib_interface.c.o
                0x1000a158                _lseek
 .text._fstat   0x1000a160        0x8 CMakeFiles/rpcortex_v2.dir/home/dash/RPC-Workspace/RPCortex-v2/sdk/src/rp2_common/pico_clib_interface/newlib_interface.c.o
                0x1000a160                _fstat
 .text._isatty  0x1000a168        0xc CMakeFiles/rpcortex_v2.dir/home/dash/RPC-Workspace/RPCortex-v2/sdk/src/rp2_common/pico_clib_interface/newlib_interface.c.o
                0x1000a168                _isatty
 .text.exit     0x1000a174        0x8 CMakeFiles/rpcortex_v2.dir/home/dash/RPC-Workspace/RPCortex-v2/sdk/src/rp2_common/pico_clib_interface/newlib_interface.c.o
                0x1000a174                exit
 .text.runtime_init
                0x1000a17c       0x24 CMakeFiles/rpcortex_v2.dir/home/dash/RPC-Workspace/RPCortex-v2/sdk/src/rp2_common/pico_clib_interface/newlib_interface.c.o
                0x1000a17c                runtime_init
 .text.stdio_out_chars_no_crlf
                0x1000a1a0        0x8 CMakeFiles/rpcortex_v2.dir/home/dash/RPC-Workspace/RPCortex-v2/sdk/src/rp2_common/pico_stdio/stdio.c.o
 .text.stdio_out_chars_crlf
                0x1000a1a8       0xb0 CMakeFiles/rpcortex_v2.dir/home/dash/RPC-Workspace/RPCortex-v2/sdk/src/rp2_common/pico_stdio/stdio.c.o
 .text.stdio_buffered_printer
                0x1000a258       0x50 CMakeFiles/rpcortex_v2.dir/home/dash/RPC-Workspace/RPCortex-v2/sdk/src/rp2_common/pico_stdio/stdio.c.o
 .text.stdio_put_string
                0x1000a2a8       0xec CMakeFiles/rpcortex_v2.dir/home/dash/RPC-Workspace/RPCortex-v2/sdk/src/rp2_common/pico_stdio/stdio.c.o
                0x1000a2a8                stdio_put_string
 .text.stdio_get_until
                0x1000a394       0x7c CMakeFiles/rpcortex_v2.dir/home/dash/RPC-Workspace/RPCortex-v2/sdk/src/rp2_common/pico_stdio/stdio.c.o
                0x1000a394                stdio_get_until
 .text.stdio_set_driver_enabled
                0x1000a410       0x28 CMakeFiles/rpcortex_v2.dir/home/dash/RPC-Workspace/RPCortex-v2/sdk/src/rp2_common/pico_stdio/stdio.c.o
                0x1000a410                stdio_set_driver_enabled
 .text.stdio_init_all
                0x1000a438        0x4 CMakeFiles/rpcortex_v2.dir/home/dash/RPC-Workspace/RPCortex-v2/sdk/src/rp2_common/pico_stdio/stdio.c.o
                0x1000a438                stdio_init_all
 .text.stdio_getchar_timeout_us
                0x1000a43c       0x8c CMakeFiles/rpcortex_v2.dir/home/dash/RPC-Workspace/RPCortex-v2/sdk/src/rp2_common/pico_stdio/stdio.c.o
                0x1000a43c                stdio_getchar_timeout_us
 .text.__wrap_putchar
                0x1000a4c8       0x84 CMakeFiles/rpcortex_v2.dir/home/dash/RPC-Workspace/RPCortex-v2/sdk/src/rp2_common/pico_stdio/stdio.c.o
                0x1000a4c8                stdio_putchar
                0x1000a4c8                __wrap_putchar
 .text.__wrap_puts
                0x1000a54c       0x3c CMakeFiles/rpcortex_v2.dir/home/dash/RPC-Workspace/RPCortex-v2/sdk/src/rp2_common/pico_stdio/stdio.c.o
                0x1000a54c                __wrap_puts
                0x1000a54c                stdio_puts
 .text.__wrap_vprintf
                0x1000a588       0xc4 CMakeFiles/rpcortex_v2.dir/home/dash/RPC-Workspace/RPCortex-v2/sdk/src/rp2_common/pico_stdio/stdio.c.o
                0x1000a588                __wrap_vprintf
                0x1000a588                stdio_vprintf
 .text.__wrap_printf
                0x1000a64c       0x1c CMakeFiles/rpcortex_v2.dir/home/dash/RPC-Workspace/RPCortex-v2/sdk/src/rp2_common/pico_stdio/stdio.c.o
                0x1000a64c                stdio_printf
                0x1000a64c                __wrap_printf
 .text.stdio_usb_set_chars_available_callback
                0x1000a668       0x14 CMakeFiles/rpcortex_v2.dir/home/dash/RPC-Workspace/RPCortex-v2/sdk/src/rp2_common/pico_stdio_usb/stdio_usb.c.o
                0x1000a668                stdio_usb_set_chars_available_callback
 .text.timer_task
                0x1000a67c       0x70 CMakeFiles/rpcortex_v2.dir/home/dash/RPC-Workspace/RPCortex-v2/sdk/src/rp2_common/pico_stdio_usb/stdio_usb.c.o
 .text.usb_irq  0x1000a6ec        0xc CMakeFiles/rpcortex_v2.dir/home/dash/RPC-Workspace/RPCortex-v2/sdk/src/rp2_common/pico_stdio_usb/stdio_usb.c.o
 .text.stdio_usb_in_chars
                0x1000a6f8       0x88 CMakeFiles/rpcortex_v2.dir/home/dash/RPC-Workspace/RPCortex-v2/sdk/src/rp2_common/pico_stdio_usb/stdio_usb.c.o
                0x1000a6f8                stdio_usb_in_chars
 .text.stdio_usb_out_flush
                0x1000a780       0x54 CMakeFiles/rpcortex_v2.dir/home/dash/RPC-Workspace/RPCortex-v2/sdk/src/rp2_common/pico_stdio_usb/stdio_usb.c.o
 .text.stdio_usb_out_chars
                0x1000a7d4       0xf4 CMakeFiles/rpcortex_v2.dir/home/dash/RPC-Workspace/RPCortex-v2/sdk/src/rp2_common/pico_stdio_usb/stdio_usb.c.o
 .text.low_priority_worker_irq
                0x1000a8c8       0xd8 CMakeFiles/rpcortex_v2.dir/home/dash/RPC-Workspace/RPCortex-v2/sdk/src/rp2_common/pico_stdio_usb/stdio_usb.c.o
 .text.stdio_usb_init
                0x1000a9a0       0xe8 CMakeFiles/rpcortex_v2.dir/home/dash/RPC-Workspace/RPCortex-v2/sdk/src/rp2_common/pico_stdio_usb/stdio_usb.c.o
                0x1000a9a0                stdio_usb_init
 .text.stdio_usb_connected
                0x1000aa88        0x8 CMakeFiles/rpcortex_v2.dir/home/dash/RPC-Workspace/RPCortex-v2/sdk/src/rp2_common/pico_stdio_usb/stdio_usb.c.o
                0x1000aa88                stdio_usb_connected
 .text.tud_descriptor_device_cb
                0x1000aa90        0x8 CMakeFiles/rpcortex_v2.dir/home/dash/RPC-Workspace/RPCortex-v2/sdk/src/rp2_common/pico_stdio_usb/stdio_usb_descriptors.c.o
                0x1000aa90                tud_descriptor_device_cb
 .text.tud_descriptor_configuration_cb
                0x1000aa98        0x8 CMakeFiles/rpcortex_v2.dir/home/dash/RPC-Workspace/RPCortex-v2/sdk/src/rp2_common/pico_stdio_usb/stdio_usb_descriptors.c.o
                0x1000aa98                tud_descriptor_configuration_cb
 .text.tud_descriptor_string_cb
                0x1000aaa0       0x70 CMakeFiles/rpcortex_v2.dir/home/dash/RPC-Workspace/RPCortex-v2/sdk/src/rp2_common/pico_stdio_usb/stdio_usb_descriptors.c.o
                0x1000aaa0                tud_descriptor_string_cb
 .text.startup._retrieve_unique_id_on_boot
                0x1000ab10       0x30 CMakeFiles/rpcortex_v2.dir/home/dash/RPC-Workspace/RPCortex-v2/sdk/src/rp2_common/pico_unique_id/unique_id.c.o
 .text.pico_get_unique_board_id_string
                0x1000ab40      0x184 CMakeFiles/rpcortex_v2.dir/home/dash/RPC-Workspace/RPCortex-v2/sdk/src/rp2_common/pico_unique_id/unique_id.c.o
                0x1000ab40                pico_get_unique_board_id_string
 .text.usb_reset_interface_init
                0x1000acc4        0x4 CMakeFiles/rpcortex_v2.dir/home/dash/RPC-Workspace/RPCortex-v2/sdk/src/rp2_common/pico_usb_reset/usb_reset.c.o
                0x1000acc4                usb_reset_interface_init
 .text.usb_reset_interface_reset
                0x1000acc8        0xc CMakeFiles/rpcortex_v2.dir/home/dash/RPC-Workspace/RPCortex-v2/sdk/src/rp2_common/pico_usb_reset/usb_reset.c.o
                0x1000acc8                usb_reset_interface_reset
 .text.usb_reset_interface_open
                0x1000acd4       0x28 CMakeFiles/rpcortex_v2.dir/home/dash/RPC-Workspace/RPCortex-v2/sdk/src/rp2_common/pico_usb_reset/usb_reset.c.o
                0x1000acd4                usb_reset_interface_open
 .text.usb_reset_interface_xfer_cb
                0x1000acfc        0x4 CMakeFiles/rpcortex_v2.dir/home/dash/RPC-Workspace/RPCortex-v2/sdk/src/rp2_common/pico_usb_reset/usb_reset.c.o
                0x1000acfc                usb_reset_interface_xfer_cb
 .text.usb_reset_interface_control_xfer_cb
                0x1000ad00       0x50 CMakeFiles/rpcortex_v2.dir/home/dash/RPC-Workspace/RPCortex-v2/sdk/src/rp2_common/pico_usb_reset/usb_reset.c.o
                0x1000ad00                usb_reset_interface_control_xfer_cb
 .text.tud_descriptor_bos_cb
                0x1000ad50        0x8 CMakeFiles/rpcortex_v2.dir/home/dash/RPC-Workspace/RPCortex-v2/sdk/src/rp2_common/pico_usb_reset/usb_reset.c.o
                0x1000ad50                tud_descriptor_bos_cb
 .text.tud_vendor_control_xfer_cb
                0x1000ad58       0x28 CMakeFiles/rpcortex_v2.dir/home/dash/RPC-Workspace/RPCortex-v2/sdk/src/rp2_common/pico_usb_reset/usb_reset.c.o
                0x1000ad58                tud_vendor_control_xfer_cb
 .text.usbd_app_driver_get_cb
                0x1000ad80       0x10 CMakeFiles/rpcortex_v2.dir/home/dash/RPC-Workspace/RPCortex-v2/sdk/src/rp2_common/pico_usb_reset/usb_reset.c.o
                0x1000ad80                usbd_app_driver_get_cb
 .text.tud_cdc_line_coding_cb
                0x1000ad90       0x18 CMakeFiles/rpcortex_v2.dir/home/dash/RPC-Workspace/RPCortex-v2/sdk/src/rp2_common/pico_usb_reset/usb_reset.c.o
                0x1000ad90                tud_cdc_line_coding_cb
 .text.dcd_init
                0x1000ada8       0x8c CMakeFiles/rpcortex_v2.dir/home/dash/RPC-Workspace/RPCortex-v2/sdk/lib/tinyusb/src/portable/raspberrypi/rp2040/dcd_rp2040.c.o
                0x1000ada8                dcd_init
 .text.dcd_int_enable
                0x1000ae34        0x8 CMakeFiles/rpcortex_v2.dir/home/dash/RPC-Workspace/RPCortex-v2/sdk/lib/tinyusb/src/portable/raspberrypi/rp2040/dcd_rp2040.c.o
                0x1000ae34                dcd_int_enable
 .text.dcd_set_address
                0x1000ae3c       0x10 CMakeFiles/rpcortex_v2.dir/home/dash/RPC-Workspace/RPCortex-v2/sdk/lib/tinyusb/src/portable/raspberrypi/rp2040/dcd_rp2040.c.o
                0x1000ae3c                dcd_set_address
 .text.dcd_sof_enable
                0x1000ae4c       0x1c CMakeFiles/rpcortex_v2.dir/home/dash/RPC-Workspace/RPCortex-v2/sdk/lib/tinyusb/src/portable/raspberrypi/rp2040/dcd_rp2040.c.o
                0x1000ae4c                dcd_sof_enable
 .text.dcd_edpt0_status_complete
                0x1000ae68       0x1c CMakeFiles/rpcortex_v2.dir/home/dash/RPC-Workspace/RPCortex-v2/sdk/lib/tinyusb/src/portable/raspberrypi/rp2040/dcd_rp2040.c.o
                0x1000ae68                dcd_edpt0_status_complete
 .text.dcd_edpt_open
                0x1000ae84       0xf8 CMakeFiles/rpcortex_v2.dir/home/dash/RPC-Workspace/RPCortex-v2/sdk/lib/tinyusb/src/portable/raspberrypi/rp2040/dcd_rp2040.c.o
                0x1000ae84                dcd_edpt_open
 .text.dcd_edpt_close_all
                0x1000af7c        0x4 CMakeFiles/rpcortex_v2.dir/home/dash/RPC-Workspace/RPCortex-v2/sdk/lib/tinyusb/src/portable/raspberrypi/rp2040/dcd_rp2040.c.o
                0x1000af7c                dcd_edpt_close_all
 .text.dcd_edpt_xfer
                0x1000af80       0x28 CMakeFiles/rpcortex_v2.dir/home/dash/RPC-Workspace/RPCortex-v2/sdk/lib/tinyusb/src/portable/raspberrypi/rp2040/dcd_rp2040.c.o
                0x1000af80                dcd_edpt_xfer
 .text.dcd_edpt_stall
                0x1000afa8       0x30 CMakeFiles/rpcortex_v2.dir/home/dash/RPC-Workspace/RPCortex-v2/sdk/lib/tinyusb/src/portable/raspberrypi/rp2040/dcd_rp2040.c.o
                0x1000afa8                dcd_edpt_stall
 .text.dcd_edpt_clear_stall
                0x1000afd8       0x24 CMakeFiles/rpcortex_v2.dir/home/dash/RPC-Workspace/RPCortex-v2/sdk/lib/tinyusb/src/portable/raspberrypi/rp2040/dcd_rp2040.c.o
                0x1000afd8                dcd_edpt_clear_stall
 .text.rp2040_usb_init
                0x1000affc       0x40 CMakeFiles/rpcortex_v2.dir/home/dash/RPC-Workspace/RPCortex-v2/sdk/lib/tinyusb/src/portable/raspberrypi/rp2040/rp2040_usb.c.o
                0x1000affc                rp2040_usb_init
 .text.hw_endpoint_xfer_start
                0x1000b03c       0x40 CMakeFiles/rpcortex_v2.dir/home/dash/RPC-Workspace/RPCortex-v2/sdk/lib/tinyusb/src/portable/raspberrypi/rp2040/rp2040_usb.c.o
                0x1000b03c                hw_endpoint_xfer_start
 .text.configuration_reset
                0x1000b07c       0x8c CMakeFiles/rpcortex_v2.dir/home/dash/RPC-Workspace/RPCortex-v2/sdk/lib/tinyusb/src/device/usbd.c.o
 .text.tud_event_hook_cb
                0x1000b108        0x4 CMakeFiles/rpcortex_v2.dir/home/dash/RPC-Workspace/RPCortex-v2/sdk/lib/tinyusb/src/device/usbd.c.o
                0x1000b108                tud_event_hook_cb
 .text.tud_sof_cb
                0x1000b10c        0x4 CMakeFiles/rpcortex_v2.dir/home/dash/RPC-Workspace/RPCortex-v2/sdk/lib/tinyusb/src/device/usbd.c.o
                0x1000b10c                tud_sof_cb
 .text.tud_descriptor_device_qualifier_cb
                0x1000b110        0x4 CMakeFiles/rpcortex_v2.dir/home/dash/RPC-Workspace/RPCortex-v2/sdk/lib/tinyusb/src/device/usbd.c.o
                0x1000b110                tud_descriptor_device_qualifier_cb
 .text.tud_descriptor_other_speed_configuration_cb
                0x1000b114        0x4 CMakeFiles/rpcortex_v2.dir/home/dash/RPC-Workspace/RPCortex-v2/sdk/lib/tinyusb/src/device/usbd.c.o
                0x1000b114                tud_descriptor_other_speed_configuration_cb
 .text.tud_mount_cb
                0x1000b118        0x4 CMakeFiles/rpcortex_v2.dir/home/dash/RPC-Workspace/RPCortex-v2/sdk/lib/tinyusb/src/device/usbd.c.o
                0x1000b118                tud_mount_cb
 .text.tud_umount_cb
                0x1000b11c        0x4 CMakeFiles/rpcortex_v2.dir/home/dash/RPC-Workspace/RPCortex-v2/sdk/lib/tinyusb/src/device/usbd.c.o
                0x1000b11c                tud_umount_cb
 .text.tud_suspend_cb
                0x1000b120        0x4 CMakeFiles/rpcortex_v2.dir/home/dash/RPC-Workspace/RPCortex-v2/sdk/lib/tinyusb/src/device/usbd.c.o
                0x1000b120                tud_suspend_cb
 .text.tud_resume_cb
                0x1000b124        0x4 CMakeFiles/rpcortex_v2.dir/home/dash/RPC-Workspace/RPCortex-v2/sdk/lib/tinyusb/src/device/usbd.c.o
                0x1000b124                tud_resume_cb
 .text.tud_mounted
                0x1000b128       0x10 CMakeFiles/rpcortex_v2.dir/home/dash/RPC-Workspace/RPCortex-v2/sdk/lib/tinyusb/src/device/usbd.c.o
                0x1000b128                tud_mounted
 .text.tud_suspended
                0x1000b138       0x10 CMakeFiles/rpcortex_v2.dir/home/dash/RPC-Workspace/RPCortex-v2/sdk/lib/tinyusb/src/device/usbd.c.o
                0x1000b138                tud_suspended
 .text.tud_rhport_init
                0x1000b148       0xf4 CMakeFiles/rpcortex_v2.dir/home/dash/RPC-Workspace/RPCortex-v2/sdk/lib/tinyusb/src/device/usbd.c.o
                0x1000b148                tud_rhport_init
 .text.tud_task_ext
                0x1000b23c      0x760 CMakeFiles/rpcortex_v2.dir/home/dash/RPC-Workspace/RPCortex-v2/sdk/lib/tinyusb/src/device/usbd.c.o
                0x1000b23c                tud_task_ext
 .text.usbd_open_edpt_pair
                0x1000b99c       0x9c CMakeFiles/rpcortex_v2.dir/home/dash/RPC-Workspace/RPCortex-v2/sdk/lib/tinyusb/src/device/usbd.c.o
                0x1000b99c                usbd_open_edpt_pair
 .text.usbd_edpt_open
                0x1000ba38       0x44 CMakeFiles/rpcortex_v2.dir/home/dash/RPC-Workspace/RPCortex-v2/sdk/lib/tinyusb/src/device/usbd.c.o
                0x1000ba38                usbd_edpt_open
 .text.usbd_edpt_claim
                0x1000ba7c       0x24 CMakeFiles/rpcortex_v2.dir/home/dash/RPC-Workspace/RPCortex-v2/sdk/lib/tinyusb/src/device/usbd.c.o
                0x1000ba7c                usbd_edpt_claim
 .text.usbd_edpt_release
                0x1000baa0       0x24 CMakeFiles/rpcortex_v2.dir/home/dash/RPC-Workspace/RPCortex-v2/sdk/lib/tinyusb/src/device/usbd.c.o
                0x1000baa0                usbd_edpt_release
 .text.usbd_edpt_xfer
                0x1000bac4       0x70 CMakeFiles/rpcortex_v2.dir/home/dash/RPC-Workspace/RPCortex-v2/sdk/lib/tinyusb/src/device/usbd.c.o
                0x1000bac4                usbd_edpt_xfer
 .text.tud_control_status
                0x1000bb34       0x34 CMakeFiles/rpcortex_v2.dir/home/dash/RPC-Workspace/RPCortex-v2/sdk/lib/tinyusb/src/device/usbd_control.c.o
                0x1000bb34                tud_control_status
 .text.tud_control_xfer
                0x1000bb68       0xb0 CMakeFiles/rpcortex_v2.dir/home/dash/RPC-Workspace/RPCortex-v2/sdk/lib/tinyusb/src/device/usbd_control.c.o
                0x1000bb68                tud_control_xfer
 .text.usbd_control_reset
                0x1000bc18       0x14 CMakeFiles/rpcortex_v2.dir/home/dash/RPC-Workspace/RPCortex-v2/sdk/lib/tinyusb/src/device/usbd_control.c.o
                0x1000bc18                usbd_control_reset
 .text.usbd_control_set_complete_callback
                0x1000bc2c        0xc CMakeFiles/rpcortex_v2.dir/home/dash/RPC-Workspace/RPCortex-v2/sdk/lib/tinyusb/src/device/usbd_control.c.o
                0x1000bc2c                usbd_control_set_complete_callback
 .text.usbd_control_set_request
                0x1000bc38       0x1c CMakeFiles/rpcortex_v2.dir/home/dash/RPC-Workspace/RPCortex-v2/sdk/lib/tinyusb/src/device/usbd_control.c.o
                0x1000bc38                usbd_control_set_request
 .text.usbd_control_xfer_cb
                0x1000bc54      0x100 CMakeFiles/rpcortex_v2.dir/home/dash/RPC-Workspace/RPCortex-v2/sdk/lib/tinyusb/src/device/usbd_control.c.o
                0x1000bc54                usbd_control_xfer_cb
 .text._prep_out_transaction.isra.0
                0x1000bd54       0x74 CMakeFiles/rpcortex_v2.dir/home/dash/RPC-Workspace/RPCortex-v2/sdk/lib/tinyusb/src/class/cdc/cdc_device.c.o
 .text.tud_cdc_n_connected
                0x1000bdc8       0x2c CMakeFiles/rpcortex_v2.dir/home/dash/RPC-Workspace/RPCortex-v2/sdk/lib/tinyusb/src/class/cdc/cdc_device.c.o
                0x1000bdc8                tud_cdc_n_connected
 .text.tud_cdc_n_available
                0x1000bdf4       0x14 CMakeFiles/rpcortex_v2.dir/home/dash/RPC-Workspace/RPCortex-v2/sdk/lib/tinyusb/src/class/cdc/cdc_device.c.o
                0x1000bdf4                tud_cdc_n_available
 .text.tud_cdc_n_read
                0x1000be08       0x90 CMakeFiles/rpcortex_v2.dir/home/dash/RPC-Workspace/RPCortex-v2/sdk/lib/tinyusb/src/class/cdc/cdc_device.c.o
                0x1000be08                tud_cdc_n_read
 .text.tud_cdc_n_write_flush
                0x1000be98       0x8c CMakeFiles/rpcortex_v2.dir/home/dash/RPC-Workspace/RPCortex-v2/sdk/lib/tinyusb/src/class/cdc/cdc_device.c.o
                0x1000be98                tud_cdc_n_write_flush
 .text.tud_cdc_n_write
                0x1000bf24       0x40 CMakeFiles/rpcortex_v2.dir/home/dash/RPC-Workspace/RPCortex-v2/sdk/lib/tinyusb/src/class/cdc/cdc_device.c.o
                0x1000bf24                tud_cdc_n_write
 .text.tud_cdc_n_write_available
                0x1000bf64       0x14 CMakeFiles/rpcortex_v2.dir/home/dash/RPC-Workspace/RPCortex-v2/sdk/lib/tinyusb/src/class/cdc/cdc_device.c.o
                0x1000bf64                tud_cdc_n_write_available
 .text.cdcd_init
                0x1000bf78       0x70 CMakeFiles/rpcortex_v2.dir/home/dash/RPC-Workspace/RPCortex-v2/sdk/lib/tinyusb/src/class/cdc/cdc_device.c.o
                0x1000bf78                cdcd_init
 .text.cdcd_deinit
                0x1000bfe8       0x30 CMakeFiles/rpcortex_v2.dir/home/dash/RPC-Workspace/RPCortex-v2/sdk/lib/tinyusb/src/class/cdc/cdc_device.c.o
                0x1000bfe8                cdcd_deinit
 .text.cdcd_reset
                0x1000c018       0x4c CMakeFiles/rpcortex_v2.dir/home/dash/RPC-Workspace/RPCortex-v2/sdk/lib/tinyusb/src/class/cdc/cdc_device.c.o
                0x1000c018                cdcd_reset
 .text.cdcd_open
                0x1000c064       0xc0 CMakeFiles/rpcortex_v2.dir/home/dash/RPC-Workspace/RPCortex-v2/sdk/lib/tinyusb/src/class/cdc/cdc_device.c.o
                0x1000c064                cdcd_open
 .text.cdcd_control_xfer_cb
                0x1000c124       0xc0 CMakeFiles/rpcortex_v2.dir/home/dash/RPC-Workspace/RPCortex-v2/sdk/lib/tinyusb/src/class/cdc/cdc_device.c.o
                0x1000c124                cdcd_control_xfer_cb
 .text.cdcd_xfer_cb
                0x1000c1e4       0xf8 CMakeFiles/rpcortex_v2.dir/home/dash/RPC-Workspace/RPCortex-v2/sdk/lib/tinyusb/src/class/cdc/cdc_device.c.o
                0x1000c1e4                cdcd_xfer_cb
 .text.tusb_rhport_init
                0x1000c2dc       0x64 CMakeFiles/rpcortex_v2.dir/home/dash/RPC-Workspace/RPCortex-v2/sdk/lib/tinyusb/src/tusb.c.o
                0x1000c2dc                tusb_rhport_init
 .text.tu_edpt_claim
                0x1000c340       0x54 CMakeFiles/rpcortex_v2.dir/home/dash/RPC-Workspace/RPCortex-v2/sdk/lib/tinyusb/src/tusb.c.o
                0x1000c340                tu_edpt_claim
 .text.tu_edpt_release
                0x1000c394       0x38 CMakeFiles/rpcortex_v2.dir/home/dash/RPC-Workspace/RPCortex-v2/sdk/lib/tinyusb/src/tusb.c.o
                0x1000c394                tu_edpt_release
 .text.tu_edpt_validate
                0x1000c3cc       0x60 CMakeFiles/rpcortex_v2.dir/home/dash/RPC-Workspace/RPCortex-v2/sdk/lib/tinyusb/src/tusb.c.o
                0x1000c3cc                tu_edpt_validate
 .text.tu_edpt_bind_driver
                0x1000c42c       0x58 CMakeFiles/rpcortex_v2.dir/home/dash/RPC-Workspace/RPCortex-v2/sdk/lib/tinyusb/src/tusb.c.o
                0x1000c42c                tu_edpt_bind_driver
 .text.tu_fifo_config
                0x1000c484       0x60 CMakeFiles/rpcortex_v2.dir/home/dash/RPC-Workspace/RPCortex-v2/sdk/lib/tinyusb/src/common/tusb_fifo.c.o
                0x1000c484                tu_fifo_config
 .text.tu_fifo_count
                0x1000c4e4       0x20 CMakeFiles/rpcortex_v2.dir/home/dash/RPC-Workspace/RPCortex-v2/sdk/lib/tinyusb/src/common/tusb_fifo.c.o
                0x1000c4e4                tu_fifo_count
 .text.tu_fifo_empty
                0x1000c504       0x14 CMakeFiles/rpcortex_v2.dir/home/dash/RPC-Workspace/RPCortex-v2/sdk/lib/tinyusb/src/common/tusb_fifo.c.o
                0x1000c504                tu_fifo_empty
 .text.tu_fifo_remaining
                0x1000c518       0x24 CMakeFiles/rpcortex_v2.dir/home/dash/RPC-Workspace/RPCortex-v2/sdk/lib/tinyusb/src/common/tusb_fifo.c.o
                0x1000c518                tu_fifo_remaining
 .text.tu_fifo_read
                0x1000c53c       0x94 CMakeFiles/rpcortex_v2.dir/home/dash/RPC-Workspace/RPCortex-v2/sdk/lib/tinyusb/src/common/tusb_fifo.c.o
                0x1000c53c                tu_fifo_read
 .text.tu_fifo_read_n
                0x1000c5d0       0xd8 CMakeFiles/rpcortex_v2.dir/home/dash/RPC-Workspace/RPCortex-v2/sdk/lib/tinyusb/src/common/tusb_fifo.c.o
                0x1000c5d0                tu_fifo_read_n
 .text.tu_fifo_write
                0x1000c6a8       0xa4 CMakeFiles/rpcortex_v2.dir/home/dash/RPC-Workspace/RPCortex-v2/sdk/lib/tinyusb/src/common/tusb_fifo.c.o
                0x1000c6a8                tu_fifo_write
 .text.tu_fifo_write_n
                0x1000c74c      0x15c CMakeFiles/rpcortex_v2.dir/home/dash/RPC-Workspace/RPCortex-v2/sdk/lib/tinyusb/src/common/tusb_fifo.c.o
                0x1000c74c                tu_fifo_write_n
 .text.tu_fifo_clear
                0x1000c8a8       0x38 CMakeFiles/rpcortex_v2.dir/home/dash/RPC-Workspace/RPCortex-v2/sdk/lib/tinyusb/src/common/tusb_fifo.c.o
                0x1000c8a8                tu_fifo_clear
 .text.tu_fifo_set_overwritable
                0x1000c8e0       0x3c CMakeFiles/rpcortex_v2.dir/home/dash/RPC-Workspace/RPCortex-v2/sdk/lib/tinyusb/src/common/tusb_fifo.c.o
                0x1000c8e0                tu_fifo_set_overwritable
 .text          0x1000c91c       0x5c /usr/lib/gcc/arm-none-eabi/14.2.1/../../../arm-none-eabi/lib/thumb/v8-m.main+fp/softfp/libg.a(libc_a-strlen-stub.o)
                0x1000c91c                strlen
 .text          0x1000c978       0xd0 /usr/lib/gcc/arm-none-eabi/14.2.1/../../../arm-none-eabi/lib/thumb/v8-m.main+fp/softfp/libg.a(libc_a-strchr.o)
                0x1000c978                strchr
 .text          0x1000ca48      0x15c /usr/lib/gcc/arm-none-eabi/14.2.1/../../../arm-none-eabi/lib/thumb/v8-m.main+fp/softfp/libg.a(libc_a-strtoul.o)
                0x1000cb70                _strtoul_r
                0x1000cb74                strtoul_l
                0x1000cb8c                strtoul
 .text          0x1000cba4       0x70 /usr/lib/gcc/arm-none-eabi/14.2.1/../../../arm-none-eabi/lib/thumb/v8-m.main+fp/softfp/libg.a(libc_a-mstats.o)
                0x1000cba4                mallinfo
                0x1000cbb8                malloc_stats
                0x1000cbc4                mallopt
                0x1000cbd4                _mstats_r
                0x1000cbf0                mstats
 .text          0x1000cc14      0x548 /usr/lib/gcc/arm-none-eabi/14.2.1/../../../arm-none-eabi/lib/thumb/v8-m.main+fp/softfp/libg.a(libc_a-mallocr.o)
                0x1000cc14                _malloc_r
 .text          0x1000d15c      0x2b0 /usr/lib/gcc/arm-none-eabi/14.2.1/../../../arm-none-eabi/lib/thumb/v8-m.main+fp/softfp/libg.a(libc_a-freer.o)
                0x1000d15c                _malloc_trim_r
                0x1000d214                _free_r
 .text          0x1000d40c      0x17c /usr/lib/gcc/arm-none-eabi/14.2.1/../../../arm-none-eabi/lib/thumb/v8-m.main+fp/softfp/libg.a(libc_a-strtol.o)
                0x1000d518                _strtol_r
                0x1000d530                strtol_l
                0x1000d55c                strtol
 .text          0x1000d588        0xc /usr/lib/gcc/arm-none-eabi/14.2.1/../../../arm-none-eabi/lib/thumb/v8-m.main+fp/softfp/libg.a(libc_a-errno.o)
                0x1000d588                __errno
 .text          0x1000d594       0x20 /usr/lib/gcc/arm-none-eabi/14.2.1/../../../arm-none-eabi/lib/thumb/v8-m.main+fp/softfp/libg.a(libc_a-malloc.o)
                0x1000d594                malloc
                0x1000d5a4                free
 .text          0x1000d5b4      0x370 /usr/lib/gcc/arm-none-eabi/14.2.1/../../../arm-none-eabi/lib/thumb/v8-m.main+fp/softfp/libg.a(libc_a-reallocr.o)
                0x1000d5b4                _realloc_r
 .text          0x1000d924       0x38 /usr/lib/gcc/arm-none-eabi/14.2.1/../../../arm-none-eabi/lib/thumb/v8-m.main+fp/softfp/libg.a(libc_a-strspn.o)
                0x1000d924                strspn
 .text          0x1000d95c        0x8 /usr/lib/gcc/arm-none-eabi/14.2.1/../../../arm-none-eabi/lib/thumb/v8-m.main+fp/softfp/libg.a(libc_a-mlock.o)
                0x1000d95c                __malloc_lock
                0x1000d960                __malloc_unlock
 .text          0x1000d964       0x24 /usr/lib/gcc/arm-none-eabi/14.2.1/../../../arm-none-eabi/lib/thumb/v8-m.main+fp/softfp/libg.a(libc_a-sbrkr.o)
                0x1000d964                _sbrk_r
 .text          0x1000d988       0x3c /usr/lib/gcc/arm-none-eabi/14.2.1/../../../arm-none-eabi/lib/thumb/v8-m.main+fp/softfp/libg.a(libc_a-strcspn.o)
                0x1000d988                strcspn
 .text          0x1000d9c4       0x90 /usr/lib/gcc/arm-none-eabi/14.2.1/../../../arm-none-eabi/lib/thumb/v8-m.main+fp/softfp/libg.a(libc_a-mallinfor.o)
                0x1000d9c4                __malloc_update_mallinfo
                0x1000da1c                _mallinfo_r
 .text          0x1000da54      0x1bc /usr/lib/gcc/arm-none-eabi/14.2.1/../../../arm-none-eabi/lib/thumb/v8-m.main+fp/softfp/libg.a(libc_a-strcmp.o)
                0x1000da54                strcmp
 .text          0x1000dc10       0x5c /usr/lib/gcc/arm-none-eabi/14.2.1/../../../arm-none-eabi/lib/thumb/v8-m.main+fp/softfp/libg.a(libc_a-malloptr.o)
                0x1000dc10                _mallopt_r
 .text          0x1000dc6c       0x54 /usr/lib/gcc/arm-none-eabi/14.2.1/../../../arm-none-eabi/lib/thumb/v8-m.main+fp/softfp/libg.a(libc_a-mallstatsr.o)
                0x1000dc6c                _malloc_stats_r
 .text          0x1000dcc0      0x224 /usr/lib/gcc/arm-none-eabi/14.2.1/../../../arm-none-eabi/lib/thumb/v8-m.main+fp/softfp/libg.a(libc_a-findfp.o)
                0x1000ddf0                __sfp
                0x1000de94                __sinit
                0x1000deb4                __sfp_lock_acquire
                0x1000deb8                __sfp_lock_release
                0x1000debc                __fp_lock_all
                0x1000ded0                __fp_unlock_all
 .text          0x1000dee4       0x1c /usr/lib/gcc/arm-none-eabi/14.2.1/../../../arm-none-eabi/lib/thumb/v8-m.main+fp/softfp/libg.a(libc_a-sysconf.o)
                0x1000dee4                sysconf
 .text          0x1000df00       0x90 /usr/lib/gcc/arm-none-eabi/14.2.1/../../../arm-none-eabi/lib/thumb/v8-m.main+fp/softfp/libg.a(libc_a-fclose.o)
                0x1000df00                _fclose_r
                0x1000df80                fclose
 .text          0x1000df90       0x44 /usr/lib/gcc/arm-none-eabi/14.2.1/../../../arm-none-eabi/lib/thumb/v8-m.main+fp/softfp/libg.a(libc_a-fiprintf.o)
                0x1000df90                _fiprintf_r
                0x1000dfac                fiprintf
 .text          0x1000dfd4       0x98 /usr/lib/gcc/arm-none-eabi/14.2.1/../../../arm-none-eabi/lib/thumb/v8-m.main+fp/softfp/libg.a(libc_a-stdio.o)
                0x1000dfd4                __sread
                0x1000dff8                __seofread
                0x1000dffc                __swrite
                0x1000e03c                __sseek
                0x1000e064                __sclose
 .text          0x1000e06c      0x1ac /usr/lib/gcc/arm-none-eabi/14.2.1/../../../arm-none-eabi/lib/thumb/v8-m.main+fp/softfp/libg.a(libc_a-fflush.o)
                0x1000e06c                __sflush_r
                0x1000e1a4                _fflush_r
                0x1000e1d0                fflush
 .text          0x1000e218       0x44 /usr/lib/gcc/arm-none-eabi/14.2.1/../../../arm-none-eabi/lib/thumb/v8-m.main+fp/softfp/libg.a(libc_a-fwalk.o)
                0x1000e218                _fwalk_sglue
 .text          0x1000e25c      0xb20 /usr/lib/gcc/arm-none-eabi/14.2.1/../../../arm-none-eabi/lib/thumb/v8-m.main+fp/softfp/libg.a(libc_a-vfiprintf.o)
                0x1000e25c                _vfiprintf_r
                0x1000ecf8                vfiprintf
 .text          0x1000ed7c       0xc4 /usr/lib/gcc/arm-none-eabi/14.2.1/../../../arm-none-eabi/lib/thumb/v8-m.main+fp/softfp/libg.a(libc_a-wsetup.o)
                0x1000ed7c                __swsetup_r
 .text          0x1000ee40       0x2c /usr/lib/gcc/arm-none-eabi/14.2.1/../../../arm-none-eabi/lib/thumb/v8-m.main+fp/softfp/libg.a(libc_a-writer.o)
                0x1000ee40                _write_r
 .text          0x1000ee6c       0x24 /usr/lib/gcc/arm-none-eabi/14.2.1/../../../arm-none-eabi/lib/thumb/v8-m.main+fp/softfp/libg.a(libc_a-closer.o)
                0x1000ee6c                _close_r
 .text          0x1000ee90       0x2c /usr/lib/gcc/arm-none-eabi/14.2.1/../../../arm-none-eabi/lib/thumb/v8-m.main+fp/softfp/libg.a(libc_a-lseekr.o)
                0x1000ee90                _lseek_r
 .text          0x1000eebc       0x2c /usr/lib/gcc/arm-none-eabi/14.2.1/../../../arm-none-eabi/lib/thumb/v8-m.main+fp/softfp/libg.a(libc_a-readr.o)
                0x1000eebc                _read_r
 .text          0x1000eee8      0x13c /usr/lib/gcc/arm-none-eabi/14.2.1/../../../arm-none-eabi/lib/thumb/v8-m.main+fp/softfp/libg.a(libc_a-makebuf.o)
                0x1000eee8                __smakebuf_r
                0x1000efc4                __swhatbuf_r
 .text          0x1000f024       0x20 /usr/lib/gcc/arm-none-eabi/14.2.1/../../../arm-none-eabi/lib/thumb/v8-m.main+fp/softfp/libg.a(libc_a-sprint_r.o)
                0x1000f024                __sprint_r
 .text          0x1000f044       0x2c /usr/lib/gcc/arm-none-eabi/14.2.1/../../../arm-none-eabi/lib/thumb/v8-m.main+fp/softfp/libg.a(libc_a-fstatr.o)
                0x1000f044                _fstat_r
 .text          0x1000f070       0x24 /usr/lib/gcc/arm-none-eabi/14.2.1/../../../arm-none-eabi/lib/thumb/v8-m.main+fp/softfp/libg.a(libc_a-isattyr.o)
                0x1000f070                _isatty_r
 .text          0x1000f094      0x300 /usr/lib/gcc/arm-none-eabi/14.2.1/../../../arm-none-eabi/lib/thumb/v8-m.main+fp/softfp/libg.a(libc_a-fvwrite.o)
                0x1000f094                __sfvwrite_r
 *fill*         0x1000f394        0x4 
 .text.__stub   0x1000f398       0x90 linker stubs
 *(.fini)
 *crtbegin.o(.ctors)
 *crtbegin?.o(.ctors)
 *(EXCLUDE_FILE(*crtend.o *crtend?.o) .ctors)
 *(SORT_BY_NAME(.ctors.*))
 *(.ctors)
 *crtbegin.o(.dtors)
 *crtbegin?.o(.dtors)
 *(EXCLUDE_FILE(*crtend.o *crtend?.o) .dtors)
 *(SORT_BY_NAME(.dtors.*))
 *(.dtors)
                0x1000f428                        . = ALIGN (0x4)
                [!provide]                        PROVIDE (__bothinit_array_start = .)
                0x1000f428                        PROVIDE (__preinit_array_start = .)
 *(SORT_BY_NAME(.preinit_array.*))
 .preinit_array.00050
                0x1000f428        0x4 CMakeFiles/rpcortex_v2.dir/home/dash/RPC-Workspace/RPCortex-v2/sdk/src/rp2_common/pico_runtime_init/runtime_init.c.o
                0x1000f428                __pre_init_runtime_init_bootrom_reset
 .preinit_array.00100
                0x1000f42c        0x4 CMakeFiles/rpcortex_v2.dir/home/dash/RPC-Workspace/RPCortex-v2/sdk/src/rp2_common/pico_runtime_init/runtime_init.c.o
                0x1000f42c                __pre_init_runtime_init_early_resets
 .preinit_array.00101
                0x1000f430        0x4 CMakeFiles/rpcortex_v2.dir/home/dash/RPC-Workspace/RPCortex-v2/sdk/src/rp2_common/pico_runtime_init/runtime_init.c.o
                0x1000f430                __pre_init_runtime_init_usb_power_down
 .preinit_array.00500
                0x1000f434        0x4 CMakeFiles/rpcortex_v2.dir/home/dash/RPC-Workspace/RPCortex-v2/sdk/src/rp2_common/pico_runtime_init/runtime_init.c.o
                0x1000f434                __pre_init_runtime_init_clocks
 .preinit_array.00600
                0x1000f438        0x4 CMakeFiles/rpcortex_v2.dir/home/dash/RPC-Workspace/RPCortex-v2/sdk/src/rp2_common/pico_runtime_init/runtime_init.c.o
                0x1000f438                __pre_init_runtime_init_post_clock_resets
 .preinit_array.01000
                0x1000f43c        0x4 CMakeFiles/rpcortex_v2.dir/home/dash/RPC-Workspace/RPCortex-v2/sdk/src/rp2_common/hardware_boot_lock/boot_lock.c.o
                0x1000f43c                __pre_init_runtime_init_boot_locks_reset
 .preinit_array.01000
                0x1000f440        0x4 CMakeFiles/rpcortex_v2.dir/home/dash/RPC-Workspace/RPCortex-v2/sdk/src/rp2_common/pico_runtime_init/runtime_init.c.o
                0x1000f440                __pre_init_runtime_init_spin_locks_reset
 .preinit_array.01010
                0x1000f444        0x4 CMakeFiles/rpcortex_v2.dir/home/dash/RPC-Workspace/RPCortex-v2/sdk/src/rp2_common/pico_bootrom/bootrom_lock.c.o
                0x1000f444                __pre_init_runtime_init_bootrom_locking_enable
 .preinit_array.01100
                0x1000f448        0x4 CMakeFiles/rpcortex_v2.dir/home/dash/RPC-Workspace/RPCortex-v2/sdk/src/common/pico_sync/mutex.c.o
                0x1000f448                __pre_init_runtime_init_mutex
 .preinit_array.10080
                0x1000f44c        0x4 CMakeFiles/rpcortex_v2.dir/home/dash/RPC-Workspace/RPCortex-v2/sdk/src/rp2_common/pico_runtime_init/runtime_init.c.o
                0x1000f44c                __pre_init_runtime_init_install_ram_vector_table
 .preinit_array.11000
                0x1000f450        0x4 CMakeFiles/rpcortex_v2.dir/home/dash/RPC-Workspace/RPCortex-v2/sdk/src/common/pico_time/time.c.o
                0x1000f450                __pre_init_runtime_init_default_alarm_pool
 .preinit_array.YYYYY
                0x1000f454        0x4 CMakeFiles/rpcortex_v2.dir/home/dash/RPC-Workspace/RPCortex-v2/sdk/src/rp2_common/pico_runtime/runtime.c.o
                0x1000f454                __pre_init_first_per_core_initializer
 .preinit_array.ZZZZZ.00051
                0x1000f458        0x4 CMakeFiles/rpcortex_v2.dir/home/dash/RPC-Workspace/RPCortex-v2/sdk/src/rp2_common/pico_runtime_init/runtime_init.c.o
                0x1000f458                __pre_init_runtime_init_per_core_bootrom_reset
 .preinit_array.ZZZZZ.00200
                0x1000f45c        0x4 CMakeFiles/rpcortex_v2.dir/home/dash/RPC-Workspace/RPCortex-v2/sdk/src/rp2_common/pico_runtime_init/runtime_init.c.o
                0x1000f45c                __pre_init_runtime_init_per_core_enable_coprocessors
 .preinit_array.ZZZZZ.01000
                0x1000f460        0x4 CMakeFiles/rpcortex_v2.dir/home/dash/RPC-Workspace/RPCortex-v2/sdk/src/rp2_common/hardware_sync_spin_lock/sync_spin_lock.c.o
                0x1000f460                __pre_init_spinlock_set_extexclall
 .preinit_array.ZZZZZ.01200
                0x1000f464        0x4 CMakeFiles/rpcortex_v2.dir/home/dash/RPC-Workspace/RPCortex-v2/sdk/src/rp2_common/hardware_irq/irq.c.o
                0x1000f464                __pre_init_runtime_init_per_core_irq_priorities
 *(.preinit_array)
                0x1000f468                        PROVIDE (__preinit_array_end = .)
                0x1000f468                        . = ALIGN (0x4)
                0x1000f468                        PROVIDE (__init_array_start = .)
 *(SORT_BY_NAME(.init_array.*))
 .init_array.01000
                0x1000f468        0x4 CMakeFiles/rpcortex_v2.dir/home/dash/RPC-Workspace/RPCortex-v2/sdk/src/rp2_common/pico_unique_id/unique_id.c.o
 *(.init_array)
                0x1000f46c                        PROVIDE (__init_array_end = .)
                [!provide]                        PROVIDE (__bothinit_array_end = .)
                0x1000f46c                        . = ALIGN (0x4)
                [!provide]                        PROVIDE (__fini_array_start = .)
 *(SORT_BY_NAME(.fini_array.*))
 *(.fini_array)
                [!provide]                        PROVIDE (__fini_array_end = .)
                [!provide]                        PROVIDE (__dso_handle = 0x0)
 *(.eh_frame*)
                0x1000f46c                        . = ALIGN (0x4)

.glue_7         0x1000f46c        0x0
 .glue_7        0x1000f46c        0x0 linker stubs

.glue_7t        0x1000f46c        0x0
 .glue_7t       0x1000f46c        0x0 linker stubs

.vfp11_veneer   0x1000f46c        0x0
 .vfp11_veneer  0x1000f46c        0x0 linker stubs

.v4_bx          0x1000f46c        0x0
 .v4_bx         0x1000f46c        0x0 linker stubs

.iplt           0x1000f46c        0x0
 .iplt          0x1000f46c        0x0 CMakeFiles/rpcortex_v2.dir/main.cpp.o

.boot2          0x1000f46c        0x0
                0x1000f46c                        __boot2_start__ = .
 *(.boot2)
                0x1000f46c                        __boot2_end__ = .
                0x00000001                        ASSERT (((__boot2_end__ - __boot2_start__) <= 0x100), ERROR: Pico second stage bootloader must be no more than 256 bytes in size)

.rodata         0x1000f470      0xde8
 *(EXCLUDE_FILE(*libm.a: *lib*_a-mem*.o *libc.a: *libgcc.a:) .rodata*)
 .rodata.main.str1.4